2025-07-31 12:08:00 - Collect reference data
2025-07-31 12:08:02 - Start Extracting reference for ACC_LoanStateReason with keys as ['Code']
2025-07-31 12:08:02 - Execution time: 0.06374478340148926 seconds
2025-07-31 12:08:02 -   Code    Description OptimisticLockField GCRecord Saccra_Code
0    E  Early Settled                None     None           T
1    F  Fully paid up                None     None           C
2    H    Handed over                None     None           L
3    W    Written Off                None     None           T
4    C      Cancelled                None     None           V
2025-07-31 12:08:02 - Table staging.ACC_LoanStateReason truncated successfully.
2025-07-31 12:08:02 - Data written to staging.ACC_LoanStateReason successfully.
2025-07-31 12:08:02 - Data written to prod.ACC_LoanStateReason successfully.
2025-07-31 12:08:02 - Start Extracting reference for ACC_PeriodFrequency with keys as ['PeriodFrequencyId']
2025-07-31 12:08:02 - Execution time: 0.06210827827453613 seconds
2025-07-31 12:08:02 -    PeriodFrequencyId  Description  ...  DaysInOneTerm  VapCancelCoolingPeriod
0                  1      Monthly  ...             30                       1
1                  2       Weekly  ...              7                       4
2                  3  Fortnightly  ...             14                       2

[3 rows x 6 columns]
2025-07-31 12:08:02 - Table staging.ACC_PeriodFrequency truncated successfully.
2025-07-31 12:08:03 - Data written to staging.ACC_PeriodFrequency successfully.
2025-07-31 12:08:03 - Data written to prod.ACC_PeriodFrequency successfully.
2025-07-31 12:08:03 - Start Extracting reference for Branch with keys as ['BranchId']
2025-07-31 12:08:03 - Execution time: 0.06988286972045898 seconds
2025-07-31 12:08:03 -    BranchId  Company  ...  SecondInterestRate  ChannelId
0       361        1  ...                 NaN       None
1       321        1  ...                 NaN       None
2       226      224  ...                 NaN       None
3         6        6  ...                 NaN       None
4       328        1  ...                 NaN       None

[5 rows x 23 columns]
2025-07-31 12:08:03 - Table staging.Branch truncated successfully.
2025-07-31 12:08:04 - Data written to staging.Branch successfully.
2025-07-31 12:08:04 - Data written to prod.Branch successfully.
2025-07-31 12:08:04 - Start Extracting reference for PaymentModes with keys as ['PaymentModeId']
2025-07-31 12:08:04 - Execution time: 0.0549921989440918 seconds
2025-07-31 12:08:04 -    PaymentModeId PaymentCode  ... DebitOrderModeId UseRefundMode
0              3     REALPAY  ...              NaN         False
1              5         POS  ...              NaN         False
2              7         REG  ...              NaN         False
3              9         SNA  ...              NaN         False
4             13      REFUND  ...              NaN         False

[5 rows x 12 columns]
2025-07-31 12:08:04 - Table staging.PaymentModes truncated successfully.
2025-07-31 12:08:04 - Data written to staging.PaymentModes successfully.
2025-07-31 12:08:04 - Data written to prod.PaymentModes successfully.
2025-07-31 12:08:05 - Start Extracting reference for Bank with keys as ['BankId']
2025-07-31 12:08:05 - Execution time: 0.10593557357788086 seconds
2025-07-31 12:08:05 -    BankId    Code  ... IsRealPayTT1Enable  RealPayBankId
0       9       0  ...              False              0
1      13  460005  ...              False              0
2      14  400001  ...              False              0
3      19  580105  ...              False              0
4      24  450105  ...               True              8

[5 rows x 24 columns]
2025-07-31 12:08:05 - Table staging.Bank truncated successfully.
2025-07-31 12:08:05 - Data written to staging.Bank successfully.
2025-07-31 12:08:05 - Data written to prod.Bank successfully.
2025-07-31 12:08:06 - Start Extracting reference for PRD_Products with keys as ['ProductId']
2025-07-31 12:08:06 - Execution time: 0.21293115615844727 seconds
2025-07-31 12:08:06 -    ProductId             ProductName  ... IsExpressLoan  IsUnSecuredLoan
0          1             Branch Loan  ...         False            False
1          2  Payroll Deduction Loan  ...         False            False
2          3             Remote Loan  ...         False            False
3          4                 Hollard  ...         False            False
4          5   Over 65 - Branch loan  ...         False            False

[5 rows x 19 columns]
2025-07-31 12:08:06 - Table staging.PRD_Products truncated successfully.
2025-07-31 12:08:06 - Data written to staging.PRD_Products successfully.
2025-07-31 12:08:06 - Data written to prod.PRD_Products successfully.
2025-07-31 12:08:07 - Start Extracting reference for ACC_PaymentStatus with keys as ['PaymentStatusId']
2025-07-31 12:08:07 - Execution time: 0.05852866172790527 seconds
2025-07-31 12:08:07 -    PaymentStatusId PaymentStatusDescription
0                0                  Current
1                7              Debt Review
2                8                      New
3                6                     120+
4                1                  Current
2025-07-31 12:08:07 - Table staging.ACC_PaymentStatus truncated successfully.
2025-07-31 12:08:07 - Data written to staging.ACC_PaymentStatus successfully.
2025-07-31 12:08:07 - Data written to prod.ACC_PaymentStatus successfully.
2025-07-31 12:08:08 - Start Extracting reference for Province with keys as ['ProvinceId']
2025-07-31 12:08:08 - Execution time: 0.09012341499328613 seconds
2025-07-31 12:08:08 -    ProvinceId ShortCode     Description PostalCode  AddressLine3
0           1        WC    WESTERN CAPE       6670    RIVERSDALE
1           2        FS      FREE STATE       9301  BLOEMFONTEIN
2           3       KZN  KWA-ZULU NATAL       4126      DOONSIDE
3           4        WC    WESTERN CAPE       7300    MALMESBURY
4           5       GAU         GAUTENG       2192  JOHANNESBURG
2025-07-31 12:08:08 - Table staging.Province truncated successfully.
2025-07-31 12:08:08 - Data written to staging.Province successfully.
2025-07-31 12:08:08 - Data written to prod.Province successfully.
2025-07-31 12:08:08 - Reference Tables collected at 8 Seconds
2025-07-31 12:08:08 - Collect Account related data
