2025-08-05 10:25:38 - Collect reference data
2025-08-05 10:25:39 - Start Extracting reference for ACC_LoanStateReason with keys as ['Code']
2025-08-05 10:25:39 - Execution time: 0.05631136894226074 seconds
2025-08-05 10:25:39 -   Code    Description OptimisticLockField GCRecord Saccra_Code
0    E  Early Settled                None     None           T
1    F  Fully paid up                None     None           C
2    H    Handed over                None     None           L
3    W    Written Off                None     None           T
4    C      Cancelled                None     None           V
2025-08-05 10:25:39 - Table staging.ACC_LoanStateReason truncated successfully.
2025-08-05 10:25:39 - Data written to staging.ACC_LoanStateReason successfully.
2025-08-05 10:25:39 - Data written to prod.ACC_LoanStateReason successfully.
2025-08-05 10:25:40 - Start Extracting reference for ACC_PeriodFrequency with keys as ['PeriodFrequencyId']
2025-08-05 10:25:40 - Execution time: 0.0524449348449707 seconds
2025-08-05 10:25:40 -    PeriodFrequencyId  Description  ...  DaysInOneTerm  VapCancelCoolingPeriod
0                  1      Monthly  ...             30                       1
1                  2       Weekly  ...              7                       4
2                  3  Fortnightly  ...             14                       2

[3 rows x 6 columns]
2025-08-05 10:25:40 - Table staging.ACC_PeriodFrequency truncated successfully.
2025-08-05 10:25:40 - Data written to staging.ACC_PeriodFrequency successfully.
2025-08-05 10:25:40 - Data written to prod.ACC_PeriodFrequency successfully.
2025-08-05 10:25:41 - Start Extracting reference for Branch with keys as ['BranchId']
2025-08-05 10:25:45 - Execution time: 3.9689605236053467 seconds
2025-08-05 10:25:45 -    BranchId  Company  ...  SecondInterestRate  ChannelId
0       361        1  ...                 NaN       None
1       321        1  ...                 NaN       None
2       226      224  ...                 NaN       None
3         6        6  ...                 NaN       None
4       328        1  ...                 NaN       None

[5 rows x 23 columns]
2025-08-05 10:25:45 - Table staging.Branch truncated successfully.
2025-08-05 10:25:45 - Data written to staging.Branch successfully.
2025-08-05 10:25:45 - Data written to prod.Branch successfully.
2025-08-05 10:25:45 - Start Extracting reference for PaymentModes with keys as ['PaymentModeId']
2025-08-05 10:25:46 - Execution time: 0.05169057846069336 seconds
2025-08-05 10:25:46 -    PaymentModeId PaymentCode  ... DebitOrderModeId UseRefundMode
0              3     REALPAY  ...              NaN         False
1              5         POS  ...              NaN         False
2              7         REG  ...              NaN         False
3              9         SNA  ...              NaN         False
4             13      REFUND  ...              NaN         False

[5 rows x 12 columns]
2025-08-05 10:25:46 - Table staging.PaymentModes truncated successfully.
2025-08-05 10:25:46 - Data written to staging.PaymentModes successfully.
2025-08-05 10:25:46 - Data written to prod.PaymentModes successfully.
2025-08-05 10:25:46 - Start Extracting reference for Bank with keys as ['BankId']
2025-08-05 10:25:46 - Execution time: 0.051929473876953125 seconds
2025-08-05 10:25:46 -    BankId    Code  ... IsRealPayTT1Enable  RealPayBankId
0       9       0  ...              False              0
1      13  460005  ...              False              0
2      14  400001  ...              False              0
3      19  580105  ...              False              0
4      24  450105  ...               True              8

[5 rows x 24 columns]
2025-08-05 10:25:46 - Table staging.Bank truncated successfully.
2025-08-05 10:25:46 - Data written to staging.Bank successfully.
2025-08-05 10:25:46 - Data written to prod.Bank successfully.
2025-08-05 10:25:47 - Start Extracting reference for PRD_Products with keys as ['ProductId']
2025-08-05 10:25:47 - Execution time: 0.05747222900390625 seconds
2025-08-05 10:25:47 -    ProductId             ProductName  ... IsExpressLoan  IsUnSecuredLoan
0          1             Branch Loan  ...         False            False
1          2  Payroll Deduction Loan  ...         False            False
2          3             Remote Loan  ...         False            False
3          4                 Hollard  ...         False            False
4          5   Over 65 - Branch loan  ...         False            False

[5 rows x 19 columns]
2025-08-05 10:25:47 - Table staging.PRD_Products truncated successfully.
2025-08-05 10:25:47 - Data written to staging.PRD_Products successfully.
2025-08-05 10:25:47 - Data written to prod.PRD_Products successfully.
2025-08-05 10:25:48 - Start Extracting reference for ACC_PaymentStatus with keys as ['PaymentStatusId']
2025-08-05 10:25:48 - Execution time: 0.05077695846557617 seconds
2025-08-05 10:25:48 -    PaymentStatusId PaymentStatusDescription
0                0                  Current
1                7              Debt Review
2                8                      New
3                6                     120+
4                1                  Current
2025-08-05 10:25:48 - Table staging.ACC_PaymentStatus truncated successfully.
2025-08-05 10:25:48 - Data written to staging.ACC_PaymentStatus successfully.
2025-08-05 10:25:48 - Data written to prod.ACC_PaymentStatus successfully.
2025-08-05 10:25:49 - Start Extracting reference for Province with keys as ['ProvinceId']
2025-08-05 10:25:50 - Execution time: 1.450089454650879 seconds
2025-08-05 10:25:50 -    ProvinceId ShortCode     Description PostalCode  AddressLine3
0           1        WC    WESTERN CAPE       6670    RIVERSDALE
1           2        FS      FREE STATE       9301  BLOEMFONTEIN
2           3       KZN  KWA-ZULU NATAL       4126      DOONSIDE
3           4        WC    WESTERN CAPE       7300    MALMESBURY
4           5       GAU         GAUTENG       2192  JOHANNESBURG
2025-08-05 10:25:50 - Table staging.Province truncated successfully.
2025-08-05 10:25:50 - Data written to staging.Province successfully.
2025-08-05 10:25:50 - Data written to prod.Province successfully.
2025-08-05 10:25:51 - Reference Tables collected at 13 Seconds
2025-08-05 10:25:51 - Collect Account related data
2025-08-05 10:25:51 - Start Extracting delta for ACC_Account with keys as ['AccountId']
2025-08-05 10:26:50 - Execution time: 58.14689826965332 seconds
2025-08-05 10:26:50 -    AccountId   AccountNo  ... newbranchid  assignedconsultantid
0     272670  AOL0272670  ...        None                  None
1     546487  AOL0546487  ...        None                  None
2     280739  AOL0280739  ...        None                  None
3     379757  AOL0379757  ...        None                  None
4     480427  AOL0480427  ...        None                  None

[5 rows x 76 columns]
2025-08-05 10:26:50 - Table staging.ACC_Account truncated successfully.
2025-08-05 10:27:59 - Data written to staging.ACC_Account successfully.
2025-08-05 10:28:58 - Data written to prod.ACC_Account successfully.
2025-08-05 10:28:59 - Start Extracting delta for ACC_DebitOrder with keys as ['DebitOrderId']
2025-08-05 10:29:09 - Execution time: 9.60413908958435 seconds
2025-08-05 10:29:09 -    DebitOrderId  AccountId  ... ServiceProvider IsVAPCancel
0        745468    1358972  ...           NUPAY        None
1       1351365    2286858  ...           NUPAY        None
2       2838524    4543858  ...           NUPAY       False
3       1596454    2690343  ...           NUPAY        None
4       1169347    2038198  ...           NUPAY        None

[5 rows x 26 columns]
2025-08-05 10:29:09 - Table staging.ACC_DebitOrder truncated successfully.
2025-08-05 10:29:37 - Data written to staging.ACC_DebitOrder successfully.
2025-08-05 10:30:49 - Data written to prod.ACC_DebitOrder successfully.
2025-08-05 10:30:50 - Start Extracting delta for ACC_Schedules with keys as ['AccountId', 'Installment_SrNo']
2025-08-05 10:31:27 - Execution time: 37.56748604774475 seconds
2025-08-05 10:31:27 -    AccountId  Installment_SrNo  ...  StatusDescription  IsAdhoc
0       3792                 1  ...               None    False
1       4165                 6  ...               None    False
2      40283                 3  ...               None    False
3      40283                 1  ...               None    False
4      40283                 4  ...               None    False

[5 rows x 31 columns]
2025-08-05 10:31:29 - Table staging.ACC_Schedules truncated successfully.
2025-08-05 10:35:28 - Data written to staging.ACC_Schedules successfully.
2025-08-05 10:38:07 - Data written to prod.ACC_Schedules successfully.
2025-08-05 10:38:19 - Start Extracting delta for Address with keys as ['AddressId']
2025-08-05 10:38:29 - Execution time: 9.983509063720703 seconds
2025-08-05 10:38:29 -    AddressId  AddressTypeId ClientId  ... AddressLine4 PostalCode Province
0   10437216              3     None  ...         None       None      NaN
1   10511456              3     None  ...         None       None      NaN
2   10430434              2     None  ...         None          8   3317.0
3   10439713              2     None  ...         None       4068     23.0
4   10494286              3     None  ...         None       None      NaN

[5 rows x 9 columns]
2025-08-05 10:38:29 - Table staging.Address truncated successfully.
2025-08-05 10:38:32 - Data written to staging.Address successfully.
2025-08-05 10:38:46 - Data written to prod.Address successfully.
2025-08-05 10:38:47 - Start Extracting delta for Affordability with keys as ['AffordabilityId']
2025-08-05 10:38:51 - Execution time: 4.442379713058472 seconds
2025-08-05 10:38:51 -    AffordabilityId  OptionId  ...  CreditScoreFromCache  MockCreditScore
0          3905258         1  ...                 False            False
1          3908208         1  ...                 False            False
2          3876854         1  ...                 False            False
3          3914190         1  ...                 False            False
4          3912776         1  ...                 False            False

[5 rows x 60 columns]
2025-08-05 10:38:51 - Table staging.Affordability truncated successfully.
2025-08-05 10:39:05 - Data written to staging.Affordability successfully.
2025-08-05 10:39:25 - Data written to prod.Affordability successfully.
2025-08-05 10:39:26 - Start Extracting delta for Application with keys as ['ApplicationId']
2025-08-05 10:39:53 - Execution time: 27.702581644058228 seconds
2025-08-05 10:39:53 -    ApplicationId  AffordabilityId  ... IsCopyAppliation  previous_application_date
0        3903155          3915732  ...            False                        NaT
1        3893376          3905953  ...            False 2025-07-01 08:11:27.198806
2        3890179          3902756  ...            False 2025-06-30 11:13:36.170249
3        3902641          3915218  ...            False 2025-06-28 08:26:11.529781
4        3903360          3915937  ...            False 2025-08-04 09:05:13.079443

[5 rows x 76 columns]
2025-08-05 10:39:53 - Table staging.Application truncated successfully.
2025-08-05 10:40:11 - Data written to staging.Application successfully.
2025-08-05 10:40:12 - Data written to prod.Application successfully.
2025-08-05 10:40:13 - Start Extracting delta for Application_AccountMapping with keys as ['ApplicationAccountMappingId']
2025-08-05 10:40:15 - Execution time: 2.1637582778930664 seconds
2025-08-05 10:40:15 -    ApplicationAccountMappingId  ApplicationId  ...     CellNo  Email
0                      4946616        3864289  ...  694841259       
1                      4946621        3864283  ...  644029132       
2                      4948752        3867180  ...  660870004       
3                      4948753        3867180  ...  660870004       
4                      4946627        3864306  ...  733261005       

[5 rows x 9 columns]
2025-08-05 10:40:15 - Table staging.Application_AccountMapping truncated successfully.
2025-08-05 10:40:17 - Data written to staging.Application_AccountMapping successfully.
2025-08-05 10:40:25 - Data written to prod.Application_AccountMapping successfully.
2025-08-05 10:40:25 - Start Extracting delta for Application_Client with keys as ['ApplicationClientId']
2025-08-05 10:40:27 - Execution time: 2.2838118076324463 seconds
2025-08-05 10:40:27 -    ApplicationClientId  PersonId Title  ... PhoneTypeId Isconsent Whatsapp_Phoneno
0              3908235       NaN  None  ...           0     False             None
1              3905286  971859.0    MR  ...           0      True             None
2              3905290  971862.0    MR  ...           0      True             None
3              3905292  971864.0    MS  ...           0      True             None
4              3882047       NaN  None  ...           0     False             None

[5 rows x 25 columns]
2025-08-05 10:40:28 - Table staging.Application_Client truncated successfully.
2025-08-05 10:40:33 - Data written to staging.Application_Client successfully.
2025-08-05 10:40:39 - Data written to prod.Application_Client successfully.
2025-08-05 10:40:40 - Start Extracting delta for BankDetail with keys as ['BankDetailId']
2025-08-05 10:40:44 - Execution time: 4.413862943649292 seconds
2025-08-05 10:40:44 -    BankDetailId TransactionId ReferenceId  ...  strikeDate1  strikeDate2  strikeDate3
0       4864313          None        None  ...         None         None         None
1       4860879          None        None  ...         None         None         None
2       4871315          None        None  ...         None         None         None
3       4869619          None        None  ...         None         None         None
4       4828685          None        None  ...         None         None         None

[5 rows x 20 columns]
2025-08-05 10:40:44 - Table staging.BankDetail truncated successfully.
2025-08-05 10:40:47 - Data written to staging.BankDetail successfully.
2025-08-05 10:40:53 - Data written to prod.BankDetail successfully.
2025-08-05 10:40:53 - Start Extracting delta for Client with keys as ['ClientId']
2025-08-05 10:41:06 - Execution time: 12.476960182189941 seconds
2025-08-05 10:41:06 -    ClientId  UserId PersonId  ... IsDelinquent IsDebtReview DeliquencyReasonId
0    567481       0     None  ...        False        False                NaN
1    309658       0     None  ...        False        False                NaN
2    660355       0     None  ...        False        False                NaN
3    560466       0     None  ...        False        False                NaN
4    688562       0     None  ...        False        False                NaN

[5 rows x 26 columns]
2025-08-05 10:41:06 - Table staging.Client truncated successfully.
2025-08-05 10:41:35 - Data written to staging.Client successfully.
2025-08-05 10:41:49 - Data written to prod.Client successfully.
2025-08-05 10:41:50 - Start Extracting delta for CreditScore with keys as ['CreditScoreId']
2025-08-05 10:41:53 - Execution time: 3.6233701705932617 seconds
2025-08-05 10:41:53 -    CreditScoreId  ApplicationId  ...  ServiceProvider  ReferenceNumber
0        3726390        3892682  ...        COMPUSCAN             None
1        3726399        3892691  ...        COMPUSCAN             None
2        3699455        3864276  ...        COMPUSCAN             None
3        3726404        3892696  ...        COMPUSCAN             None
4        3703733        3869184  ...        COMPUSCAN             None

[5 rows x 8 columns]
2025-08-05 10:41:53 - Table staging.CreditScore truncated successfully.
2025-08-05 10:41:55 - Data written to staging.CreditScore successfully.
2025-08-05 10:41:59 - Data written to prod.CreditScore successfully.
2025-08-05 10:42:00 - Start Extracting delta for Disbursement with keys as ['DisbursementId']
2025-08-05 10:42:03 - Execution time: 2.7688755989074707 seconds
2025-08-05 10:42:03 -    DisbursementId NuCardNumber  ... IsReferred  ReferralAmount
0         3876863         None  ...        NaN             NaN
1         3876864         None  ...        NaN             NaN
2         3876865         None  ...        NaN             NaN
3         3876866         None  ...        NaN             NaN
4         3876867         None  ...        NaN             NaN

[5 rows x 36 columns]
2025-08-05 10:42:03 - Table staging.Disbursement truncated successfully.
2025-08-05 10:42:08 - Data written to staging.Disbursement successfully.
2025-08-05 10:42:11 - Data written to prod.Disbursement successfully.
2025-08-05 10:42:12 - Start Extracting delta for Employer with keys as ['EmployerId']
2025-08-05 10:42:14 - Execution time: 2.3820607662200928 seconds
2025-08-05 10:42:14 -    EmployerId  AddressId  IndustryId  ... PayDay2 AddressTypeId3  PayDay3
0     5561528   10392468         7.0  ...    None              0     None
1     5561530   10392472         7.0  ...    None              0     None
2     5561532   10392476         7.0  ...    None              0     None
3     5561534   10392480         7.0  ...    None              0     None
4     5561536   10392484         7.0  ...    None              0     None

[5 rows x 29 columns]
2025-08-05 10:42:14 - Table staging.Employer truncated successfully.
2025-08-05 10:42:20 - Data written to staging.Employer successfully.
2025-08-05 10:42:23 - Data written to prod.Employer successfully.
2025-08-05 10:42:24 - Start Extracting delta for PER_Person with keys as ['PersonId']
2025-08-05 10:42:29 - Execution time: 5.176868677139282 seconds
2025-08-05 10:42:29 -    PersonId SecurityId  ...  LanguageId  PropertyOwnershipId
0    921346       None  ...         2.0                  2.0
1    703859       None  ...         NaN                  0.0
2    738211       None  ...         NaN                  0.0
3    613074       None  ...         NaN                  0.0
4    601190       None  ...         2.0                  1.0

[5 rows x 32 columns]
2025-08-05 10:42:29 - Table staging.PER_Person truncated successfully.
2025-08-05 10:42:44 - Data written to staging.PER_Person successfully.
2025-08-05 10:42:51 - Data written to prod.PER_Person successfully.
2025-08-05 10:42:51 - Start Extracting delta for Quotation with keys as ['QuotationId']
2025-08-05 10:43:10 - Execution time: 19.172771215438843 seconds
2025-08-05 10:43:10 -    QuotationId  ... FamilyBenefitAcceptanceSigningMethod
0      3908207  ...                                 None
1      3914157  ...                                 None
2      3905262  ...                                 None
3      3905264  ...                                 None
4      3882019  ...                                 None

[5 rows x 51 columns]
2025-08-05 10:43:11 - Table staging.Quotation truncated successfully.
2025-08-05 10:43:21 - Data written to staging.Quotation successfully.
2025-08-05 10:43:25 - Data written to prod.Quotation successfully.
2025-08-05 10:43:26 - Start Extracting delta for ACC_PaymentStatusHistory with keys as ['PaymentStatusHistoryId']
2025-08-05 10:43:37 - Execution time: 10.40541934967041 seconds
2025-08-05 10:43:37 -    PaymentStatusHistoryId  AccountId  ...     RunDate  PersonId
0                    7403    4347187  ...  2024-11-22    872894
1                    3302    4342702  ...  2024-11-20    908942
2                    7412    4347230  ...  2024-11-22    721066
3                    7414    4347033  ...  2024-11-22    904974
4                    7497    4347227  ...  2024-11-22    704405

[5 rows x 6 columns]
2025-08-05 10:43:37 - Table staging.ACC_PaymentStatusHistory truncated successfully.
2025-08-05 10:43:52 - Data written to staging.ACC_PaymentStatusHistory successfully.
2025-08-05 10:44:03 - Data written to prod.ACC_PaymentStatusHistory successfully.
2025-08-05 10:44:04 - Start Extracting delta for XDSCustomerDetailsLog with keys as ['ApplicationId', 'Type']
2025-08-05 11:29:53 - Execution time: 2748.728595495224 seconds
2025-08-05 11:29:53 -                   CreateDate  ...                                           JsonText
0 2025-07-26 00:16:10.758639  ...  {"rules_fired": [], "codex_rules_fired": [{"co...
1 2025-07-26 00:18:17.541319  ...  {"rules_fired": [], "codex_rules_fired": [{"co...
2 2025-07-26 02:55:11.665018  ...  {"rules_fired": [], "codex_rules_fired": [{"co...
3 2025-07-26 03:36:17.611349  ...  {"rules_fired": [], "codex_rules_fired": [{"co...
4 2025-07-26 03:38:05.987283  ...  {"rules_fired": [], "codex_rules_fired": [{"co...

[5 rows x 5 columns]
2025-08-05 11:29:53 - Table staging.XDSCustomerDetailsLog truncated successfully.
2025-08-05 11:29:57 - Data written to staging.XDSCustomerDetailsLog successfully.
2025-08-05 11:30:08 - Data written to prod.XDSCustomerDetailsLog successfully.
2025-08-05 10:25:51 - Processing Deltas ...
2025-08-05 10:25:51 - Start ACC_Account
2025-08-05 10:28:59 - Start ACC_DebitOrder
2025-08-05 10:30:49 - Start ACC_Schedules
2025-08-05 10:38:17 - Start Address
2025-08-05 10:38:46 - Start Affordability
2025-08-05 10:39:25 - Start Application
2025-08-05 10:40:12 - Start Application_AccountMapping
2025-08-05 10:40:25 - Start Application_Client
2025-08-05 10:40:39 - Start BankDetail
2025-08-05 10:40:53 - Start Client
2025-08-05 10:41:49 - Start CreditScore
2025-08-05 10:41:59 - Start Disbursement
2025-08-05 10:42:11 - Start Employer
2025-08-05 10:42:23 - Start PER_Person
2025-08-05 10:42:51 - Start Quotation
2025-08-05 10:43:26 - Start ACC_PaymentStatusHistory
2025-08-05 10:44:03 - Start XDSCustomerDetailsLog
2025-08-05 11:30:10 - Account Information Tables collected at 3872 Seconds
2025-08-05 11:30:10 - Total runtime: 3872 Seconds
