2025-08-04 12:04:19 - Collect reference data
2025-08-04 12:04:22 - Start Extracting reference for ACC_LoanStateReason with keys as ['Code']
2025-08-04 12:04:22 - Execution time: 0.08019757270812988 seconds
2025-08-04 12:04:22 -   Code    Description OptimisticLockField GCRecord Saccra_Code
0    E  Early Settled                None     None           T
1    F  Fully paid up                None     None           C
2    H    Handed over                None     None           L
3    W    Written Off                None     None           T
4    C      Cancelled                None     None           V
2025-08-04 12:04:22 - Table staging.ACC_LoanStateReason truncated successfully.
2025-08-04 12:04:22 - Data written to staging.ACC_LoanStateReason successfully.
2025-08-04 12:04:22 - Data written to prod.ACC_LoanStateReason successfully.
2025-08-04 12:04:23 - Start Extracting reference for ACC_PeriodFrequency with keys as ['PeriodFrequencyId']
2025-08-04 12:04:23 - Execution time: 0.06006479263305664 seconds
2025-08-04 12:04:23 -    PeriodFrequencyId  Description  ...  DaysInOneTerm  VapCancelCoolingPeriod
0                  1      Monthly  ...             30                       1
1                  2       Weekly  ...              7                       4
2                  3  Fortnightly  ...             14                       2

[3 rows x 6 columns]
2025-08-04 12:04:23 - Table staging.ACC_PeriodFrequency truncated successfully.
2025-08-04 12:04:23 - Data written to staging.ACC_PeriodFrequency successfully.
2025-08-04 12:04:23 - Data written to prod.ACC_PeriodFrequency successfully.
2025-08-04 12:04:24 - Start Extracting reference for Branch with keys as ['BranchId']
2025-08-04 12:04:24 - Execution time: 0.0635521411895752 seconds
2025-08-04 12:04:24 -    BranchId  Company  ...  SecondInterestRate  ChannelId
0       361        1  ...                 NaN       None
1       321        1  ...                 NaN       None
2       226      224  ...                 NaN       None
3         6        6  ...                 NaN       None
4       328        1  ...                 NaN       None

[5 rows x 23 columns]
2025-08-04 12:04:24 - Table staging.Branch truncated successfully.
2025-08-04 12:04:24 - Data written to staging.Branch successfully.
2025-08-04 12:04:24 - Data written to prod.Branch successfully.
2025-08-04 12:04:25 - Start Extracting reference for PaymentModes with keys as ['PaymentModeId']
2025-08-04 12:04:25 - Execution time: 0.06453800201416016 seconds
2025-08-04 12:04:25 -    PaymentModeId PaymentCode  ... DebitOrderModeId UseRefundMode
0              3     REALPAY  ...              NaN         False
1              5         POS  ...              NaN         False
2              7         REG  ...              NaN         False
3              9         SNA  ...              NaN         False
4             13      REFUND  ...              NaN         False

[5 rows x 12 columns]
2025-08-04 12:04:25 - Table staging.PaymentModes truncated successfully.
2025-08-04 12:04:25 - Data written to staging.PaymentModes successfully.
2025-08-04 12:04:25 - Data written to prod.PaymentModes successfully.
2025-08-04 12:04:26 - Start Extracting reference for Bank with keys as ['BankId']
2025-08-04 12:04:26 - Execution time: 0.17914128303527832 seconds
2025-08-04 12:04:26 -    BankId    Code  ... IsRealPayTT1Enable  RealPayBankId
0       9       0  ...              False              0
1      13  460005  ...              False              0
2      14  400001  ...              False              0
3      19  580105  ...              False              0
4      24  450105  ...               True              8

[5 rows x 24 columns]
2025-08-04 12:04:26 - Table staging.Bank truncated successfully.
2025-08-04 12:04:26 - Data written to staging.Bank successfully.
2025-08-04 12:04:26 - Data written to prod.Bank successfully.
2025-08-04 12:04:27 - Start Extracting reference for PRD_Products with keys as ['ProductId']
2025-08-04 12:04:27 - Execution time: 0.05678200721740723 seconds
2025-08-04 12:04:27 -    ProductId             ProductName  ... IsExpressLoan  IsUnSecuredLoan
0          1             Branch Loan  ...         False            False
1          2  Payroll Deduction Loan  ...         False            False
2          3             Remote Loan  ...         False            False
3          4                 Hollard  ...         False            False
4          5   Over 65 - Branch loan  ...         False            False

[5 rows x 19 columns]
2025-08-04 12:04:27 - Table staging.PRD_Products truncated successfully.
2025-08-04 12:04:27 - Data written to staging.PRD_Products successfully.
2025-08-04 12:04:27 - Data written to prod.PRD_Products successfully.
2025-08-04 12:04:28 - Start Extracting reference for ACC_PaymentStatus with keys as ['PaymentStatusId']
2025-08-04 12:04:28 - Execution time: 0.08995389938354492 seconds
2025-08-04 12:04:28 -    PaymentStatusId PaymentStatusDescription
0                0                  Current
1                7              Debt Review
2                8                      New
3                6                     120+
4                1                  Current
2025-08-04 12:04:28 - Table staging.ACC_PaymentStatus truncated successfully.
2025-08-04 12:04:28 - Data written to staging.ACC_PaymentStatus successfully.
2025-08-04 12:04:28 - Data written to prod.ACC_PaymentStatus successfully.
2025-08-04 12:04:29 - Start Extracting reference for Province with keys as ['ProvinceId']
2025-08-04 12:04:29 - Execution time: 0.126967191696167 seconds
2025-08-04 12:04:29 -    ProvinceId ShortCode     Description PostalCode  AddressLine3
0           1        WC    WESTERN CAPE       6670    RIVERSDALE
1           2        FS      FREE STATE       9301  BLOEMFONTEIN
2           3       KZN  KWA-ZULU NATAL       4126      DOONSIDE
3           4        WC    WESTERN CAPE       7300    MALMESBURY
4           5       GAU         GAUTENG       2192  JOHANNESBURG
2025-08-04 12:04:29 - Table staging.Province truncated successfully.
2025-08-04 12:04:29 - Data written to staging.Province successfully.
2025-08-04 12:04:30 - Data written to prod.Province successfully.
2025-08-04 12:04:30 - Reference Tables collected at 11 Seconds
2025-08-04 12:04:30 - Collect Account related data
2025-08-04 12:04:31 - Start Extracting delta for ACC_Account with keys as ['AccountId']
2025-08-04 12:04:43 - Execution time: 12.372087717056274 seconds
2025-08-04 12:04:43 -    AccountId   AccountNo  ... newbranchid  assignedconsultantid
0     690681  AOL0690681  ...        None                  None
1     948889  AOL0948889  ...        None                  None
2     379757  AOL0379757  ...        None                  None
3     480427  AOL0480427  ...        None                  None
4     361622  AOL0361622  ...        None                  None

[5 rows x 76 columns]
2025-08-04 12:04:43 - Table staging.ACC_Account truncated successfully.
2025-08-04 12:05:55 - Data written to staging.ACC_Account successfully.
2025-08-04 12:06:45 - Data written to prod.ACC_Account successfully.
2025-08-04 12:06:48 - Start Extracting delta for ACC_DebitOrder with keys as ['DebitOrderId']
2025-08-04 12:07:29 - Execution time: 41.19208574295044 seconds
2025-08-04 12:07:29 -    DebitOrderId  AccountId  ... ServiceProvider IsVAPCancel
0        745468    1358972  ...           NUPAY        None
1       1351365    2286858  ...           NUPAY        None
2       2838524    4543858  ...           NUPAY       False
3       1178485    2051539  ...           NUPAY        None
4       1167581    2035646  ...           NUPAY        None

[5 rows x 26 columns]
2025-08-04 12:07:29 - Table staging.ACC_DebitOrder truncated successfully.
2025-08-04 12:08:01 - Data written to staging.ACC_DebitOrder successfully.
2025-08-04 12:09:40 - Data written to prod.ACC_DebitOrder successfully.
2025-08-04 12:09:41 - Start Extracting delta for ACC_Schedules with keys as ['AccountId', 'Installment_SrNo']
2025-08-04 12:10:21 - Execution time: 39.700921297073364 seconds
2025-08-04 12:10:21 -    AccountId  Installment_SrNo  ...  StatusDescription  IsAdhoc
0      33839                 3  ...               None    False
1      35184                 2  ...               None    False
2      35421                 2  ...               None    False
3      35468                 3  ...               None    False
4      32490                 3  ...               None    False

[5 rows x 31 columns]
2025-08-04 12:10:22 - Table staging.ACC_Schedules truncated successfully.
2025-08-04 12:14:18 - Data written to staging.ACC_Schedules successfully.
2025-08-04 12:18:20 - Data written to prod.ACC_Schedules successfully.
2025-08-04 12:18:29 - Start Extracting delta for Address with keys as ['AddressId']
2025-08-04 12:18:37 - Execution time: 8.346500158309937 seconds
2025-08-04 12:18:37 -    AddressId  AddressTypeId ClientId  ... AddressLine4 PostalCode Province
0   10437216              3     None  ...         None       None      NaN
1   10511456              3     None  ...         None       None      NaN
2   10430434              2     None  ...         None          8   3317.0
3   10439713              2     None  ...         None       4068     23.0
4   10494286              3     None  ...         None       None      NaN

[5 rows x 9 columns]
2025-08-04 12:18:37 - Table staging.Address truncated successfully.
2025-08-04 12:18:40 - Data written to staging.Address successfully.
2025-08-04 12:18:47 - Data written to prod.Address successfully.
2025-08-04 12:18:48 - Start Extracting delta for Affordability with keys as ['AffordabilityId']
2025-08-04 12:18:54 - Execution time: 6.500567197799683 seconds
2025-08-04 12:18:54 -    AffordabilityId  OptionId  ...  CreditScoreFromCache  MockCreditScore
0          3905258         1  ...                 False            False
1          3876854         1  ...                 False            False
2          3914190         1  ...                 False            False
3          3912776         1  ...                 False            False
4          3876853         1  ...                 False            False

[5 rows x 60 columns]
2025-08-04 12:18:54 - Table staging.Affordability truncated successfully.
2025-08-04 12:19:06 - Data written to staging.Affordability successfully.
2025-08-04 12:19:16 - Data written to prod.Affordability successfully.
2025-08-04 12:19:17 - Start Extracting delta for Application with keys as ['ApplicationId']
2025-08-04 12:20:29 - Execution time: 72.38765835762024 seconds
2025-08-04 12:20:29 -     StartDate     EndDate  ... IsCopyAppliation  previous_application_date
0  2025-08-01  2025-08-31  ...            False 2025-07-01 08:11:27.198806
1  2025-08-01  2025-08-31  ...            False 2025-06-30 11:13:36.170249
2  2025-08-01  2025-08-31  ...            False 2025-06-28 08:26:11.529781
3  2025-08-01  2025-08-31  ...            False 2025-02-17 13:54:43.972448
4  2025-08-01  2025-08-31  ...            False 2025-07-04 13:07:19.966773

[5 rows x 80 columns]
2025-08-04 12:20:29 - Table staging.Application truncated successfully.
2025-08-04 12:20:32 - Error writing to table: (psycopg2.errors.UndefinedColumn) column "StartDate" of relation "Application" does not exist
LINE 1: INSERT INTO staging."Application" ("StartDate", "EndDate", "...
                                           ^

[SQL: INSERT INTO staging."Application" ("StartDate", "EndDate", "SevenDaysPriorStart", "SevenDaysPriorEnd", "ApplicationId", "AffordabilityId", "AccountNo", "NextOfKinId", "ReasonId", "AccountId", "ClientId", "EmployerId", "BankDetailId", "ResidentialAddr ... 784604 characters truncated ... _407)s, %(SourceApplicationId__407)s, %(IsCopyAppliation__407)s, %(previous_application_date__407)s)]
[parameters: {'ResidentialAddressId__0': 10484197, 'BankDetailId__0': 4861692, 'RollOverAccountId__0': 0, 'NoofDaysSinceLastLoanPaid__0': 0, 'Updated__0': False, 'ClientIpAddress__0': '', 'PayableAmount__0': 0.0, 'StartDate__0': datetime.date(2025, 8, 1), 'SevenDaysPriorStart__0': datetime.date(2025, 7, 25), 'IsCopyAppliation__0': False, 'ServerIpAddress__0': '172.31.75.58', 'IP__0': None, 'OtherIncome__0': None, 'CreateDate__0': datetime.datetime(2025, 8, 1, 7, 17, 57, 584576), 'QuotationId__0': 3905952, 'CopyLoanAccountId__0': 0, 'Step__0': 0, 'IsDisburseButtonClicked__0': False, 'ChannelReferenceNo__0': None, 'ReferralCode__0': '', 'IsCurrent__0': True, 'NewStatusId__0': 2, 'DcAgreementStatus__0': None, 'DcQuotationStatus__0': None, 'OverrideOfferReasonId__0': 0.0, 'previous_application_date__0': datetime.datetime(2025, 7, 1, 8, 11, 27, 198806), 'BranchId__0': 400, 'SourceApplicationId__0': 0, 'Source__0': None, 'Amount__0': 1500.0, 'RepaymentDate__0': datetime.datetime(2025, 12, 1, 0, 0), 'TotalIncome__0': 0.0, 'ReasonId__0': 13, 'IncomeId__0': None, 'CurrentActiveLoan__0': False, 'AggregateLoan__0': False, 'SalaryTypeId__0': None, 'Period__0': 123, 'DisbursementModeId__0': 0, 'AccountId__0': None, 'RepaymentAmount__0': 3004.08, 'CompanyId__0': 1, 'RequestedLoanAmount__0': 0.0, 'ApplicationClientId__0': 3905980, 'SevenDaysPriorEnd__0': datetime.date(2025, 7, 31), 'DcAgreementId__0': 0, 'DisbursementId__0': 3905980, 'InstallmentAffordabilityPerMonth__0': 821.0, 'CampaignCode__0': None, 'ChannelCode__0': 2 ... 32540 parameters truncated ... 'RepaymentDate__407': None, 'TotalIncome__407': 0.0, 'ReasonId__407': 6, 'IncomeId__407': None, 'CurrentActiveLoan__407': False, 'AggregateLoan__407': False, 'SalaryTypeId__407': None, 'Period__407': 0, 'DisbursementModeId__407': 0, 'AccountId__407': None, 'RepaymentAmount__407': 0.0, 'CompanyId__407': 1, 'RequestedLoanAmount__407': 500.0, 'ApplicationClientId__407': 3892795, 'SevenDaysPriorEnd__407': datetime.date(2025, 7, 31), 'DcAgreementId__407': 0, 'DisbursementId__407': 3892795, 'InstallmentAffordabilityPerMonth__407': 0.0, 'CampaignCode__407': None, 'ChannelCode__407': 1, 'OverrideOfferReason__407': '', 'AffordabilityId__407': 3892768, 'IsLoanExist__407': False, 'EmployerId__407': 5593710, 'ClientId__407': 936906, 'SalaryTypeNo__407': 0, 'Hash__407': 'b5e62b54baf5f0e0dc3e9d0aa245ce693ee618b30375a6a600a727e9c420e52e', 'EndDate__407': datetime.date(2025, 8, 31), 'ApplicationId__407': 3880191, 'CreatedBy__407': 901328, 'CancelReasonId__407': 9.0, 'TotalExpenses__407': 0.0, 'ClientCategory__407': 'New Clients', 'AggregateLoanAmount__407': None, 'RolloverAcceptanceDate__407': None, 'SettlementId__407': None, 'IsLoanOrEmi__407': '', 'DcQuotationId__407': 0, 'ProcessBy__407': 'CALLCENTER', 'IsGetOfferOverride__407': False, 'AgentCode__407': None, 'ProductId__407': 0, 'Status__407': 0, 'ParentFlashLoanAccountId__407': 0, 'BrandId__407': 1, 'AccountNo__407': None, 'DocumentId__407': None, 'DebitOrderModeId__407': 0, 'QuoteApprovalBy__407': None, 'NextOfKinId__407': None}]
(Background on this error at: https://sqlalche.me/e/20/f405)
2025-08-04 12:20:32 - Data written to prod.Application successfully.
2025-08-04 12:20:33 - Start Extracting delta for Application_AccountMapping with keys as ['ApplicationAccountMappingId']
2025-08-04 12:20:36 - Execution time: 3.753347396850586 seconds
2025-08-04 12:20:36 -    ApplicationAccountMappingId  ApplicationId  ...     CellNo  Email
0                      4954197        3871756  ...  604323589       
1                      4946615        3864276  ...  763609513       
2                      4954231        3871709  ...  650836848       
3                      4954232        3871709  ...  650836848       
4                      4954193        3871772  ...  728427347       

[5 rows x 9 columns]
2025-08-04 12:20:36 - Table staging.Application_AccountMapping truncated successfully.
2025-08-04 12:20:38 - Data written to staging.Application_AccountMapping successfully.
2025-08-04 12:20:43 - Data written to prod.Application_AccountMapping successfully.
2025-08-04 12:20:44 - Start Extracting delta for Application_Client with keys as ['ApplicationClientId']
2025-08-04 12:20:59 - Execution time: 15.158790588378906 seconds
2025-08-04 12:20:59 -    ApplicationClientId  PersonId Title  ... PhoneTypeId Isconsent Whatsapp_Phoneno
0              3905286  971859.0    MR  ...           0      True             None
1              3905290  971862.0    MR  ...           0      True             None
2              3905292  971864.0    MS  ...           0      True             None
3              3882047       NaN  None  ...           0     False             None
4              3884360  717617.0    MR  ...           0      True        604323589

[5 rows x 25 columns]
2025-08-04 12:20:59 - Table staging.Application_Client truncated successfully.
2025-08-04 12:21:04 - Data written to staging.Application_Client successfully.
2025-08-04 12:21:07 - Data written to prod.Application_Client successfully.
2025-08-04 12:21:08 - Start Extracting delta for BankDetail with keys as ['BankDetailId']
2025-08-04 12:21:28 - Execution time: 19.613049745559692 seconds
2025-08-04 12:21:28 -    BankDetailId TransactionId ReferenceId  ...  strikeDate1  strikeDate2  strikeDate3
0       4860879          None        None  ...         None         None         None
1       4834201          None        None  ...         None         None         None
2       4836704          None        None  ...         None         None         None
3       4860892          None        None  ...         None         None         None
4       4860884          None        None  ...         None         None         None

[5 rows x 20 columns]
2025-08-04 12:21:28 - Table staging.BankDetail truncated successfully.
2025-08-04 12:21:31 - Data written to staging.BankDetail successfully.
2025-08-04 12:21:35 - Data written to prod.BankDetail successfully.
2025-08-04 12:21:36 - Start Extracting delta for Client with keys as ['ClientId']
2025-08-04 12:21:48 - Execution time: 12.093568325042725 seconds
2025-08-04 12:21:48 -    ClientId  UserId PersonId  ... IsDelinquent IsDebtReview DeliquencyReasonId
0    567481       0     None  ...        False        False                NaN
1    309658       0     None  ...        False        False                NaN
2    660355       0     None  ...        False        False                NaN
3    560466       0     None  ...        False        False                NaN
4    688562       0     None  ...        False        False                NaN

[5 rows x 26 columns]
2025-08-04 12:21:48 - Table staging.Client truncated successfully.
2025-08-04 12:22:18 - Data written to staging.Client successfully.
2025-08-04 12:22:29 - Data written to prod.Client successfully.
2025-08-04 12:22:30 - Start Extracting delta for CreditScore with keys as ['CreditScoreId']
2025-08-04 12:22:34 - Execution time: 4.468803882598877 seconds
2025-08-04 12:22:34 -    CreditScoreId  ApplicationId  ...  ServiceProvider  ReferenceNumber
0        3726389        3892681  ...        COMPUSCAN             None
1        3726390        3892682  ...        COMPUSCAN             None
2        3726396        3892689  ...        COMPUSCAN             None
3        3726399        3892691  ...        COMPUSCAN             None
4        3733653        3900199  ...        COMPUSCAN             None

[5 rows x 8 columns]
2025-08-04 12:22:34 - Table staging.CreditScore truncated successfully.
2025-08-04 12:22:36 - Data written to staging.CreditScore successfully.
2025-08-04 12:22:39 - Data written to prod.CreditScore successfully.
2025-08-04 12:22:40 - Start Extracting delta for Disbursement with keys as ['DisbursementId']
2025-08-04 12:22:42 - Execution time: 2.449495553970337 seconds
2025-08-04 12:22:42 -    DisbursementId NuCardNumber  ... IsReferred  ReferralAmount
0         3876863         None  ...        NaN             NaN
1         3876864         None  ...        NaN             NaN
2         3876865         None  ...        NaN             NaN
3         3876866         None  ...        NaN             NaN
4         3876867         None  ...        NaN             NaN

[5 rows x 36 columns]
2025-08-04 12:22:42 - Table staging.Disbursement truncated successfully.
2025-08-04 12:22:48 - Data written to staging.Disbursement successfully.
2025-08-04 12:22:51 - Data written to prod.Disbursement successfully.
2025-08-04 12:22:51 - Start Extracting delta for Employer with keys as ['EmployerId']
2025-08-04 12:22:54 - Execution time: 2.585505247116089 seconds
2025-08-04 12:22:54 -    EmployerId  AddressId  IndustryId  ... PayDay2 AddressTypeId3  PayDay3
0     5561528   10392468         7.0  ...    None              0     None
1     5561530   10392472         7.0  ...    None              0     None
2     5561532   10392476         7.0  ...    None              0     None
3     5561534   10392480         7.0  ...    None              0     None
4     5561536   10392484         7.0  ...    None              0     None

[5 rows x 29 columns]
2025-08-04 12:22:54 - Table staging.Employer truncated successfully.
2025-08-04 12:22:59 - Data written to staging.Employer successfully.
2025-08-04 12:23:03 - Data written to prod.Employer successfully.
2025-08-04 12:23:04 - Start Extracting delta for PER_Person with keys as ['PersonId']
2025-08-04 12:23:11 - Execution time: 6.570585012435913 seconds
2025-08-04 12:23:11 -    PersonId SecurityId  ...  LanguageId  PropertyOwnershipId
0    921346       None  ...         2.0                  2.0
1    703859       None  ...         NaN                  0.0
2    738211       None  ...         NaN                  0.0
3    613074       None  ...         NaN                  0.0
4    601190       None  ...         2.0                  1.0

[5 rows x 32 columns]
2025-08-04 12:23:11 - Table staging.PER_Person truncated successfully.
2025-08-04 12:23:26 - Data written to staging.PER_Person successfully.
2025-08-04 12:23:32 - Data written to prod.PER_Person successfully.
2025-08-04 12:23:33 - Start Extracting delta for Quotation with keys as ['QuotationId']
2025-08-04 12:24:14 - Execution time: 40.399829626083374 seconds
2025-08-04 12:24:14 -    QuotationId  ... FamilyBenefitAcceptanceSigningMethod
0      3905257  ...                                 None
1      3905258  ...                                 None
2      3914157  ...                                 None
3      3905265  ...                                 None
4      3884332  ...                                    D

[5 rows x 51 columns]
2025-08-04 12:24:14 - Table staging.Quotation truncated successfully.
2025-08-04 12:24:24 - Data written to staging.Quotation successfully.
2025-08-04 12:24:29 - Data written to prod.Quotation successfully.
2025-08-04 12:24:30 - Start Extracting delta for ACC_PaymentStatusHistory with keys as ['PaymentStatusHistoryId']
2025-08-04 12:24:44 - Execution time: 13.481542587280273 seconds
2025-08-04 12:24:44 -    PaymentStatusHistoryId  AccountId  ...     RunDate  PersonId
0                    1887    4340841  ...  2024-11-20    190742
1                    7403    4347187  ...  2024-11-22    872894
2                    3302    4342702  ...  2024-11-20    908942
3                    8529    4348200  ...  2024-11-22    881995
4                    7412    4347230  ...  2024-11-22    721066

[5 rows x 6 columns]
2025-08-04 12:24:44 - Table staging.ACC_PaymentStatusHistory truncated successfully.
2025-08-04 12:25:00 - Data written to staging.ACC_PaymentStatusHistory successfully.
2025-08-04 12:25:10 - Data written to prod.ACC_PaymentStatusHistory successfully.
2025-08-04 12:25:11 - Start Extracting delta for XDSCustomerDetailsLog with keys as ['ApplicationId', 'Type']
2025-08-04 13:56:11 - Execution time: 5459.43953537941 seconds
2025-08-04 13:56:11 -                   CreateDate  ...                                           JsonText
0 2025-07-25 01:00:57.517502  ...  {"rules_fired": [], "codex_rules_fired": [{"co...
1 2025-07-25 02:10:38.561077  ...  {"rules_fired": [], "codex_rules_fired": [{"co...
2 2025-07-25 02:24:04.739810  ...  {"rules_fired": [], "codex_rules_fired": [{"co...
3 2025-07-25 02:26:42.681508  ...  {"rules_fired": [], "codex_rules_fired": [{"co...
4 2025-07-25 04:32:13.425685  ...  {"rules_fired": [{"description": "Term limit f...

[5 rows x 5 columns]
2025-08-04 13:56:11 - Table staging.XDSCustomerDetailsLog truncated successfully.
2025-08-04 13:56:15 - Data written to staging.XDSCustomerDetailsLog successfully.
2025-08-04 13:56:30 - Data written to prod.XDSCustomerDetailsLog successfully.
2025-08-04 12:04:30 - Processing Deltas ...
2025-08-04 12:04:30 - Start ACC_Account
2025-08-04 12:06:46 - Start ACC_DebitOrder
2025-08-04 12:09:40 - Start ACC_Schedules
2025-08-04 12:18:27 - Start Address
2025-08-04 12:18:47 - Start Affordability
2025-08-04 12:19:16 - Start Application
2025-08-04 12:20:32 - Start Application_AccountMapping
2025-08-04 12:20:43 - Start Application_Client
2025-08-04 12:21:08 - Start BankDetail
2025-08-04 12:21:35 - Start Client
2025-08-04 12:22:29 - Start CreditScore
2025-08-04 12:22:39 - Start Disbursement
2025-08-04 12:22:51 - Start Employer
2025-08-04 12:23:03 - Start PER_Person
2025-08-04 12:23:33 - Start Quotation
2025-08-04 12:24:30 - Start ACC_PaymentStatusHistory
2025-08-04 12:25:11 - Start XDSCustomerDetailsLog
2025-08-04 13:56:31 - Account Information Tables collected at 6732 Seconds
2025-08-04 13:56:31 - Total runtime: 6732 Seconds
