2025-08-01 08:17:31 - Collect reference data
2025-08-01 08:17:32 - Start Extracting reference for ACC_LoanStateReason with keys as ['Code']
2025-08-01 08:17:33 - Execution time: 0.5332291126251221 seconds
2025-08-01 08:17:33 -   Code    Description OptimisticLockField GCRecord Saccra_Code
0    E  Early Settled                None     None           T
1    F  Fully paid up                None     None           C
2    H    Handed over                None     None           L
3    W    Written Off                None     None           T
4    C      Cancelled                None     None           V
2025-08-01 08:17:33 - Table staging.ACC_LoanStateReason truncated successfully.
2025-08-01 08:17:33 - Data written to staging.ACC_LoanStateReason successfully.
2025-08-01 08:17:33 - Data written to prod.ACC_LoanStateReason successfully.
2025-08-01 08:17:34 - Start Extracting reference for ACC_PeriodFrequency with keys as ['PeriodFrequencyId']
2025-08-01 08:17:34 - Execution time: 0.06136751174926758 seconds
2025-08-01 08:17:34 -    PeriodFrequencyId  Description  ...  DaysInOneTerm  VapCancelCoolingPeriod
0                  1      Monthly  ...             30                       1
1                  2       Weekly  ...              7                       4
2                  3  Fortnightly  ...             14                       2

[3 rows x 6 columns]
2025-08-01 08:17:34 - Table staging.ACC_PeriodFrequency truncated successfully.
2025-08-01 08:17:34 - Data written to staging.ACC_PeriodFrequency successfully.
2025-08-01 08:17:34 - Data written to prod.ACC_PeriodFrequency successfully.
2025-08-01 08:17:35 - Start Extracting reference for Branch with keys as ['BranchId']
2025-08-01 08:17:35 - Execution time: 0.08325958251953125 seconds
2025-08-01 08:17:35 -    BranchId  Company  ...  SecondInterestRate  ChannelId
0       361        1  ...                 NaN       None
1       321        1  ...                 NaN       None
2       226      224  ...                 NaN       None
3         6        6  ...                 NaN       None
4       328        1  ...                 NaN       None

[5 rows x 23 columns]
2025-08-01 08:17:35 - Table staging.Branch truncated successfully.
2025-08-01 08:17:35 - Data written to staging.Branch successfully.
2025-08-01 08:17:35 - Data written to prod.Branch successfully.
2025-08-01 08:17:35 - Start Extracting reference for PaymentModes with keys as ['PaymentModeId']
2025-08-01 08:17:35 - Execution time: 0.06597685813903809 seconds
2025-08-01 08:17:35 -    PaymentModeId PaymentCode  ... DebitOrderModeId UseRefundMode
0              3     REALPAY  ...              NaN         False
1              5         POS  ...              NaN         False
2              7         REG  ...              NaN         False
3              9         SNA  ...              NaN         False
4             13      REFUND  ...              NaN         False

[5 rows x 12 columns]
2025-08-01 08:17:36 - Table staging.PaymentModes truncated successfully.
2025-08-01 08:17:36 - Data written to staging.PaymentModes successfully.
2025-08-01 08:17:36 - Data written to prod.PaymentModes successfully.
2025-08-01 08:17:36 - Start Extracting reference for Bank with keys as ['BankId']
2025-08-01 08:17:36 - Execution time: 0.09381961822509766 seconds
2025-08-01 08:17:36 -    BankId    Code  ... IsRealPayTT1Enable  RealPayBankId
0       9       0  ...              False              0
1      13  460005  ...              False              0
2      14  400001  ...              False              0
3      19  580105  ...              False              0
4      24  450105  ...               True              8

[5 rows x 24 columns]
2025-08-01 08:17:36 - Table staging.Bank truncated successfully.
2025-08-01 08:17:36 - Data written to staging.Bank successfully.
2025-08-01 08:17:36 - Data written to prod.Bank successfully.
2025-08-01 08:17:37 - Start Extracting reference for PRD_Products with keys as ['ProductId']
2025-08-01 08:17:37 - Execution time: 0.0554356575012207 seconds
2025-08-01 08:17:37 -    ProductId             ProductName  ... IsExpressLoan  IsUnSecuredLoan
0          1             Branch Loan  ...         False            False
1          2  Payroll Deduction Loan  ...         False            False
2          3             Remote Loan  ...         False            False
3          4                 Hollard  ...         False            False
4          5   Over 65 - Branch loan  ...         False            False

[5 rows x 19 columns]
2025-08-01 08:17:37 - Table staging.PRD_Products truncated successfully.
2025-08-01 08:17:37 - Data written to staging.PRD_Products successfully.
2025-08-01 08:17:37 - Data written to prod.PRD_Products successfully.
2025-08-01 08:17:38 - Start Extracting reference for ACC_PaymentStatus with keys as ['PaymentStatusId']
2025-08-01 08:17:38 - Execution time: 0.4104290008544922 seconds
2025-08-01 08:17:38 -    PaymentStatusId PaymentStatusDescription
0                0                  Current
1                7              Debt Review
2                8                      New
3                6                     120+
4                1                  Current
2025-08-01 08:17:38 - Table staging.ACC_PaymentStatus truncated successfully.
2025-08-01 08:17:38 - Data written to staging.ACC_PaymentStatus successfully.
2025-08-01 08:17:38 - Data written to prod.ACC_PaymentStatus successfully.
2025-08-01 08:17:39 - Start Extracting reference for Province with keys as ['ProvinceId']
2025-08-01 08:17:39 - Execution time: 0.21840977668762207 seconds
2025-08-01 08:17:39 -    ProvinceId ShortCode     Description PostalCode  AddressLine3
0           1        WC    WESTERN CAPE       6670    RIVERSDALE
1           2        FS      FREE STATE       9301  BLOEMFONTEIN
2           3       KZN  KWA-ZULU NATAL       4126      DOONSIDE
3           4        WC    WESTERN CAPE       7300    MALMESBURY
4           5       GAU         GAUTENG       2192  JOHANNESBURG
2025-08-01 08:17:39 - Table staging.Province truncated successfully.
2025-08-01 08:17:39 - Data written to staging.Province successfully.
2025-08-01 08:17:39 - Data written to prod.Province successfully.
2025-08-01 08:17:40 - Reference Tables collected at 8 Seconds
2025-08-01 08:17:40 - Collect Account related data
2025-08-01 08:17:40 - Start Extracting delta for ACC_Account with keys as ['AccountId']
2025-08-01 08:17:56 - Execution time: 15.33363389968872 seconds
2025-08-01 08:17:56 -    AccountId   AccountNo  ... newbranchid  assignedconsultantid
0     324582  AOL0324582  ...        None                  None
1     690681  AOL0690681  ...        None                  None
2     480427  AOL0480427  ...        None                  None
3     838402  AOL0838402  ...        None                  None
4     305590  AOL0305590  ...        None                  None

[5 rows x 76 columns]
2025-08-01 08:17:56 - Table staging.ACC_Account truncated successfully.
2025-08-01 08:19:01 - Data written to staging.ACC_Account successfully.
2025-08-01 08:19:22 - Data written to prod.ACC_Account successfully.
2025-08-01 08:19:24 - Start Extracting delta for ACC_DebitOrder with keys as ['DebitOrderId']
2025-08-01 08:19:31 - Execution time: 7.107306957244873 seconds
2025-08-01 08:19:31 -    DebitOrderId  AccountId  ... ServiceProvider IsVAPCancel
0       3071969    4707470  ...           NUPAY       False
1       1848076    3056153  ...           NUPAY        None
2       1189061    2064798  ...           NUPAY        None
3        889382    1611759  ...           NUPAY        None
4       1003946    1804509  ...           NUPAY        None

[5 rows x 26 columns]
2025-08-01 08:19:31 - Table staging.ACC_DebitOrder truncated successfully.
2025-08-01 08:19:56 - Data written to staging.ACC_DebitOrder successfully.
2025-08-01 08:20:53 - Data written to prod.ACC_DebitOrder successfully.
2025-08-01 08:20:54 - Start Extracting delta for ACC_Schedules with keys as ['AccountId', 'Installment_SrNo']
2025-08-01 08:21:51 - Execution time: 57.320404052734375 seconds
2025-08-01 08:21:51 -    AccountId  Installment_SrNo  ...  StatusDescription  IsAdhoc
0      33839                 3  ...               None    False
1      35184                 2  ...               None    False
2      35421                 2  ...               None    False
3      35468                 3  ...               None    False
4      32490                 3  ...               None    False

[5 rows x 31 columns]
2025-08-01 08:21:52 - Table staging.ACC_Schedules truncated successfully.
2025-08-01 08:25:37 - Data written to staging.ACC_Schedules successfully.
2025-08-01 08:26:43 - Data written to prod.ACC_Schedules successfully.
2025-08-01 08:26:55 - Start Extracting delta for Address with keys as ['AddressId']
2025-08-01 08:27:02 - Execution time: 6.875246524810791 seconds
2025-08-01 08:27:02 -    AddressId  AddressTypeId ClientId  ... AddressLine4 PostalCode Province
0   10467646              2     None  ...         None       1050   3660.0
1   10396418              2     None  ...         None        850   2156.0
2   10451912              3     None  ...         None       None      NaN
3   10471484              2     None  ...         None       9480   1590.0
4   10406297              2     None  ...         None       1818   3056.0

[5 rows x 9 columns]
2025-08-01 08:27:02 - Table staging.Address truncated successfully.
2025-08-01 08:27:04 - Data written to staging.Address successfully.
2025-08-01 08:27:08 - Data written to prod.Address successfully.
2025-08-01 08:27:09 - Start Extracting delta for Affordability with keys as ['AffordabilityId']
2025-08-01 08:27:13 - Execution time: 3.611319065093994 seconds
2025-08-01 08:27:13 -    AffordabilityId  OptionId  ...  CreditScoreFromCache  MockCreditScore
0          3884418         1  ...                 False            False
1          3905257         1  ...                 False            False
2          3905258         1  ...                 False            False
3          3892756         1  ...                 False            False
4          3892757         1  ...                 False            False

[5 rows x 60 columns]
2025-08-01 08:27:13 - Table staging.Affordability truncated successfully.
2025-08-01 08:27:21 - Data written to staging.Affordability successfully.
2025-08-01 08:27:23 - Data written to prod.Affordability successfully.
2025-08-01 08:27:23 - Start Extracting delta for Application with keys as ['ApplicationId']
2025-08-01 08:28:07 - Execution time: 44.160733461380005 seconds
2025-08-01 08:28:07 -     StartDate     EndDate  ... IsCopyAppliation  previous_application_date
0  2025-08-01  2025-08-31  ...            False 2025-06-30 11:13:36.170249
1  2025-08-01  2025-08-31  ...            False 2025-07-24 07:49:40.280060
2  2025-08-01  2025-08-31  ...            False 2025-07-25 06:26:21.617131
3  2025-08-01  2025-08-31  ...            False                        NaT
4  2025-08-01  2025-08-31  ...            False 2025-07-09 12:06:00.782214

[5 rows x 80 columns]
2025-08-01 08:28:08 - Table staging.Application truncated successfully.
2025-08-01 08:28:09 - Error writing to table: (psycopg2.errors.UndefinedColumn) column "StartDate" of relation "Application" does not exist
LINE 1: INSERT INTO staging."Application" ("StartDate", "EndDate", "...
                                           ^

[SQL: INSERT INTO staging."Application" ("StartDate", "EndDate", "SevenDaysPriorStart", "SevenDaysPriorEnd", "ApplicationId", "AffordabilityId", "AccountNo", "NextOfKinId", "ReasonId", "AccountId", "ClientId", "EmployerId", "BankDetailId", "ResidentialAddr ... 784604 characters truncated ... _407)s, %(SourceApplicationId__407)s, %(IsCopyAppliation__407)s, %(previous_application_date__407)s)]
[parameters: {'DcAgreementId__0': 0, 'EndDate__0': datetime.date(2025, 8, 31), 'IsGetOfferOverride__0': False, 'RepaymentDate__0': datetime.datetime(2026, 1, 29, 0, 0), 'Updated__0': False, 'PayableAmount__0': 0.0, 'IncomeId__0': None, 'ChannelCode__0': 2, 'ResidentialAddressId__0': 10474050, 'SevenDaysPriorStart__0': datetime.date(2025, 7, 25), 'SourceApplicationId__0': 0, 'IsCopyAppliation__0': False, 'Step__0': 0, 'StartDate__0': datetime.date(2025, 8, 1), 'AccountNo__0': 'AOL5075698', 'Source__0': None, 'DebitOrderModeId__0': 0, 'QuotationId__0': 3902755, 'DocumentId__0': None, 'OtherIncome__0': None, 'CancelReasonId__0': None, 'ProductId__0': 3, 'TotalIncome__0': 0.0, 'IsCurrent__0': True, 'BankDetailId__0': 4857963, 'ReferralCode__0': '', 'AggregateLoanAmount__0': 0.0, 'IsDisburseButtonClicked__0': False, 'ApplicationClientId__0': 3902783, 'DcQuotationId__0': 0, 'QuoteApprovalBy__0': None, 'NewStatusId__0': 2, 'InstallmentAffordabilityPerMonth__0': 0.0, 'IsLoanExist__0': True, 'CompanyId__0': 1, 'RepaymentAmount__0': 8353.02, 'CreateDate__0': datetime.datetime(2025, 7, 31, 10, 37, 38, 640039), 'ApplicationId__0': 3890179, 'BranchId__0': 127, 'Period__0': 183, 'AccountId__0': 5075698.0, 'DisbursementId__0': 3902783, 'SalaryTypeId__0': None, 'EmployerId__0': 5613809, 'AggregateLoan__0': False, 'SettlementId__0': None, 'CopyLoanAccountId__0': 0, 'Amount__0': 4000.0, 'NoofDaysSinceLastLoanPaid__0': 1, 'Status__0': 0 ... 32540 parameters truncated ... 'QuoteApprovalBy__407': None, 'NewStatusId__407': 4, 'InstallmentAffordabilityPerMonth__407': 0.0, 'IsLoanExist__407': True, 'CompanyId__407': 1, 'RepaymentAmount__407': 0.0, 'CreateDate__407': datetime.datetime(2025, 7, 25, 15, 25, 40, 560214), 'ApplicationId__407': 3870664, 'BranchId__407': 70, 'Period__407': 0, 'AccountId__407': None, 'DisbursementId__407': 3883268, 'SalaryTypeId__407': None, 'EmployerId__407': 5574512, 'AggregateLoan__407': None, 'SettlementId__407': None, 'CopyLoanAccountId__407': 0, 'Amount__407': 0.0, 'NoofDaysSinceLastLoanPaid__407': 62, 'Status__407': 0, 'ChannelReferenceNo__407': None, 'ReasonId__407': 13, 'IP__407': None, 'ClientCategory__407': 'Existing Client', 'ProcessBy__407': ' ', 'ClientIpAddress__407': '192.168.66.7', 'OverrideOfferReasonId__407': None, 'IsLoanOrEmi__407': None, 'CampaignCode__407': '', 'DcQuotationStatus__407': None, 'AffordabilityId__407': 3883241, 'CurrentActiveLoan__407': True, 'RollOverAccountId__407': 0, 'Hash__407': '80a0c9517083308f0eb44a4eaed5154931d42b57d9d729f9ed67e4a345220333', 'RolloverAcceptanceDate__407': None, 'NextOfKinId__407': None, 'BrandId__407': 1, 'previous_application_date__407': datetime.datetime(2025, 6, 27, 14, 52, 22, 467474), 'ClientId__407': 890448, 'AgentCode__407': '', 'ServerIpAddress__407': '172.31.75.56', 'OverrideOfferReason__407': None, 'SevenDaysPriorEnd__407': datetime.date(2025, 7, 31), 'TotalExpenses__407': 0.0, 'CreatedBy__407': 901082, 'ParentFlashLoanAccountId__407': 0, 'SalaryTypeNo__407': 0, 'RequestedLoanAmount__407': 0.0, 'DcAgreementStatus__407': None, 'DisbursementModeId__407': 0}]
(Background on this error at: https://sqlalche.me/e/20/f405)
2025-08-01 08:28:09 - Data written to prod.Application successfully.
2025-08-01 08:28:10 - Start Extracting delta for Application_AccountMapping with keys as ['ApplicationAccountMappingId']
2025-08-01 08:28:12 - Execution time: 1.9934792518615723 seconds
2025-08-01 08:28:12 -    ApplicationAccountMappingId  ApplicationId  ...     CellNo  Email
0                      4946616        3864289  ...  694841259       
1                      4954193        3871772  ...  728427347       
2                      4954194        3871772  ...  728427347       
3                      4946619        3864299  ...  661121217       
4                      4946620        3864299  ...  661121217       

[5 rows x 9 columns]
2025-08-01 08:28:12 - Table staging.Application_AccountMapping truncated successfully.
2025-08-01 08:28:13 - Data written to staging.Application_AccountMapping successfully.
2025-08-01 08:28:16 - Data written to prod.Application_AccountMapping successfully.
2025-08-01 08:28:17 - Start Extracting delta for Application_Client with keys as ['ApplicationClientId']
2025-08-01 08:28:19 - Execution time: 2.1501410007476807 seconds
2025-08-01 08:28:19 -    ApplicationClientId  PersonId Title  ... PhoneTypeId Isconsent Whatsapp_Phoneno
0              3905283  971856.0    MR  ...           0      True             None
1              3876879       NaN  None  ...           0     False             None
2              3892782  970357.0    MS  ...           0      True             None
3              3892783  913897.0    MR  ...           0      True             None
4              3905286  971859.0    MR  ...           0      True             None

[5 rows x 25 columns]
2025-08-01 08:28:19 - Table staging.Application_Client truncated successfully.
2025-08-01 08:28:22 - Data written to staging.Application_Client successfully.
2025-08-01 08:28:25 - Data written to prod.Application_Client successfully.
2025-08-01 08:28:26 - Start Extracting delta for BankDetail with keys as ['BankDetailId']
2025-08-01 08:28:28 - Execution time: 2.0813329219818115 seconds
2025-08-01 08:28:28 -    BankDetailId TransactionId ReferenceId  ...  strikeDate1  strikeDate2  strikeDate3
0       4860874          None        None  ...         None         None         None
1       4860876          None        None  ...         None         None         None
2       4860879          None        None  ...         None         None         None
3       4846186          None        None  ...         None         None         None
4       4860883          None        None  ...         None         None         None

[5 rows x 20 columns]
2025-08-01 08:28:28 - Table staging.BankDetail truncated successfully.
2025-08-01 08:28:30 - Data written to staging.BankDetail successfully.
2025-08-01 08:28:32 - Data written to prod.BankDetail successfully.
2025-08-01 08:28:33 - Start Extracting delta for Client with keys as ['ClientId']
2025-08-01 08:28:45 - Execution time: 12.45670461654663 seconds
2025-08-01 08:28:45 -    ClientId  UserId PersonId  ... IsDelinquent IsDebtReview DeliquencyReasonId
0    567481       0     None  ...        False        False                NaN
1    309658       0     None  ...        False        False                NaN
2    660355       0     None  ...        False        False                NaN
3    560466       0     None  ...        False        False                NaN
4    688562       0     None  ...        False        False                NaN

[5 rows x 26 columns]
2025-08-01 08:28:45 - Table staging.Client truncated successfully.
2025-08-01 08:29:14 - Data written to staging.Client successfully.
2025-08-01 08:29:19 - Data written to prod.Client successfully.
2025-08-01 08:29:20 - Start Extracting delta for CreditScore with keys as ['CreditScoreId']
2025-08-01 08:29:40 - Execution time: 20.907763957977295 seconds
2025-08-01 08:29:40 -    CreditScoreId  ApplicationId  ...  ServiceProvider  ReferenceNumber
0        3726387        3892679  ...        COMPUSCAN             None
1        3726388        3892680  ...        COMPUSCAN             None
2        3714393        3880179  ...        COMPUSCAN             None
3        3703970        3869443  ...        COMPUSCAN             None
4        3726396        3892689  ...        COMPUSCAN             None

[5 rows x 8 columns]
2025-08-01 08:29:41 - Table staging.CreditScore truncated successfully.
2025-08-01 08:29:41 - Data written to staging.CreditScore successfully.
2025-08-01 08:29:44 - Data written to prod.CreditScore successfully.
2025-08-01 08:29:44 - Start Extracting delta for Disbursement with keys as ['DisbursementId']
2025-08-01 08:29:46 - Execution time: 2.1514639854431152 seconds
2025-08-01 08:29:46 -    DisbursementId NuCardNumber  ... IsReferred  ReferralAmount
0         3876863         None  ...        NaN             NaN
1         3876864         None  ...        NaN             NaN
2         3876865         None  ...        NaN             NaN
3         3876866         None  ...        NaN             NaN
4         3876867         None  ...        NaN             NaN

[5 rows x 36 columns]
2025-08-01 08:29:47 - Table staging.Disbursement truncated successfully.
2025-08-01 08:29:50 - Data written to staging.Disbursement successfully.
2025-08-01 08:29:53 - Data written to prod.Disbursement successfully.
2025-08-01 08:29:54 - Start Extracting delta for Employer with keys as ['EmployerId']
2025-08-01 08:29:56 - Execution time: 2.1508874893188477 seconds
2025-08-01 08:29:56 -    EmployerId  AddressId  IndustryId  ... PayDay2 AddressTypeId3  PayDay3
0     5561528   10392468         7.0  ...    None              0     None
1     5561530   10392472         7.0  ...    None              0     None
2     5561532   10392476         7.0  ...    None              0     None
3     5561534   10392480         7.0  ...    None              0     None
4     5561536   10392484         7.0  ...    None              0     None

[5 rows x 29 columns]
2025-08-01 08:29:56 - Table staging.Employer truncated successfully.
2025-08-01 08:30:00 - Data written to staging.Employer successfully.
2025-08-01 08:30:04 - Data written to prod.Employer successfully.
2025-08-01 08:30:05 - Start Extracting delta for PER_Person with keys as ['PersonId']
2025-08-01 08:30:13 - Execution time: 8.120705842971802 seconds
2025-08-01 08:30:13 -    PersonId SecurityId  ...  LanguageId  PropertyOwnershipId
0    921346       None  ...         2.0                  2.0
1    703859       None  ...         NaN                  0.0
2    738211       None  ...         NaN                  0.0
3    613074       None  ...         NaN                  0.0
4    601190       None  ...         2.0                  1.0

[5 rows x 32 columns]
2025-08-01 08:30:13 - Table staging.PER_Person truncated successfully.
2025-08-01 08:30:28 - Data written to staging.PER_Person successfully.
2025-08-01 08:30:31 - Data written to prod.PER_Person successfully.
2025-08-01 08:30:32 - Start Extracting delta for Quotation with keys as ['QuotationId']
2025-08-01 08:30:35 - Execution time: 3.1296093463897705 seconds
2025-08-01 08:30:35 -    QuotationId  ... FamilyBenefitAcceptanceSigningMethod
0      3884417  ...                                 None
1      3905257  ...                                 None
2      3892756  ...                                 None
3      3905262  ...                                 None
4      3905264  ...                                 None

[5 rows x 51 columns]
2025-08-01 08:30:35 - Table staging.Quotation truncated successfully.
2025-08-01 08:30:42 - Data written to staging.Quotation successfully.
2025-08-01 08:30:43 - Data written to prod.Quotation successfully.
2025-08-01 08:30:44 - Start Extracting delta for ACC_PaymentStatusHistory with keys as ['PaymentStatusHistoryId']
2025-08-01 08:30:53 - Execution time: 8.967008113861084 seconds
2025-08-01 08:30:53 -    PaymentStatusHistoryId  AccountId  ...     RunDate  PersonId
0                    2118    4341504  ...  2024-11-20    908799
1                    2196    4341588  ...  2024-11-20    511705
2                    2212    4341681  ...  2024-11-20    183541
3                    5125    4344576  ...  2024-11-21    880753
4                    5285    4344952  ...  2024-11-21     82156

[5 rows x 6 columns]
2025-08-01 08:30:53 - Table staging.ACC_PaymentStatusHistory truncated successfully.
2025-08-01 08:31:06 - Data written to staging.ACC_PaymentStatusHistory successfully.
2025-08-01 08:31:10 - Data written to prod.ACC_PaymentStatusHistory successfully.
2025-08-01 08:31:10 - Start Extracting delta for XDSCustomerDetailsLog with keys as ['ApplicationId', 'Type']
2025-08-01 09:37:33 - Execution time: 3982.5747480392456 seconds
2025-08-01 09:37:33 -                   CreateDate  ...                                           JsonText
0 2025-07-22 00:14:43.659724  ...  {"rules_fired": [], "codex_rules_fired": [{"co...
1 2025-07-22 00:15:46.466908  ...  {"rules_fired": [], "codex_rules_fired": [{"co...
2 2025-07-22 01:36:58.648594  ...  {"rules_fired": [], "codex_rules_fired": [{"co...
3 2025-07-22 03:05:10.270654  ...  {"rules_fired": [], "codex_rules_fired": [{"co...
4 2025-07-22 03:34:01.718712  ...  {"rules_fired": [{"description": "Branch canno...

[5 rows x 5 columns]
2025-08-01 09:37:33 - Table staging.XDSCustomerDetailsLog truncated successfully.
2025-08-01 09:37:37 - Data written to staging.XDSCustomerDetailsLog successfully.
2025-08-01 09:37:45 - Data written to prod.XDSCustomerDetailsLog successfully.
2025-08-01 08:17:40 - Processing Deltas ...
2025-08-01 08:17:40 - Start ACC_Account
2025-08-01 08:19:22 - Start ACC_DebitOrder
2025-08-01 08:20:53 - Start ACC_Schedules
2025-08-01 08:26:54 - Start Address
2025-08-01 08:27:09 - Start Affordability
2025-08-01 08:27:23 - Start Application
2025-08-01 08:28:09 - Start Application_AccountMapping
2025-08-01 08:28:16 - Start Application_Client
2025-08-01 08:28:25 - Start BankDetail
2025-08-01 08:28:32 - Start Client
2025-08-01 08:29:19 - Start CreditScore
2025-08-01 08:29:44 - Start Disbursement
2025-08-01 08:29:53 - Start Employer
2025-08-01 08:30:05 - Start PER_Person
2025-08-01 08:30:31 - Start Quotation
2025-08-01 08:30:43 - Start ACC_PaymentStatusHistory
2025-08-01 08:31:10 - Start XDSCustomerDetailsLog
2025-08-01 09:37:46 - Account Information Tables collected at 4815 Seconds
2025-08-01 09:37:46 - Total runtime: 4815 Seconds
