2025-08-05 10:12:04 - Collect reference data
2025-08-05 10:12:05 - Start Extracting reference for ACC_LoanStateReason with keys as ['Code']
2025-08-05 10:12:05 - Execution time: 0.06780481338500977 seconds
2025-08-05 10:12:05 -   Code    Description OptimisticLockField GCRecord Saccra_Code
0    E  Early Settled                None     None           T
1    F  Fully paid up                None     None           C
2    H    Handed over                None     None           L
3    W    Written Off                None     None           T
4    C      Cancelled                None     None           V
2025-08-05 10:12:05 - Table staging.ACC_LoanStateReason truncated successfully.
2025-08-05 10:12:05 - Data written to staging.ACC_LoanStateReason successfully.
2025-08-05 10:12:05 - Data written to prod.ACC_LoanStateReason successfully.
2025-08-05 10:12:06 - Start Extracting reference for ACC_PeriodFrequency with keys as ['PeriodFrequencyId']
2025-08-05 10:12:06 - Execution time: 0.06076192855834961 seconds
2025-08-05 10:12:06 -    PeriodFrequencyId  Description  ...  DaysInOneTerm  VapCancelCoolingPeriod
0                  1      Monthly  ...             30                       1
1                  2       Weekly  ...              7                       4
2                  3  Fortnightly  ...             14                       2

[3 rows x 6 columns]
2025-08-05 10:12:06 - Table staging.ACC_PeriodFrequency truncated successfully.
2025-08-05 10:12:06 - Data written to staging.ACC_PeriodFrequency successfully.
2025-08-05 10:12:06 - Data written to prod.ACC_PeriodFrequency successfully.
2025-08-05 10:12:06 - Start Extracting reference for Branch with keys as ['BranchId']
2025-08-05 10:12:07 - Execution time: 0.059426307678222656 seconds
2025-08-05 10:12:07 -    BranchId  Company  ...  SecondInterestRate  ChannelId
0       361        1  ...                 NaN       None
1       321        1  ...                 NaN       None
2       226      224  ...                 NaN       None
3         6        6  ...                 NaN       None
4       328        1  ...                 NaN       None

[5 rows x 23 columns]
2025-08-05 10:12:07 - Table staging.Branch truncated successfully.
2025-08-05 10:12:07 - Data written to staging.Branch successfully.
2025-08-05 10:12:07 - Data written to prod.Branch successfully.
2025-08-05 10:12:07 - Start Extracting reference for PaymentModes with keys as ['PaymentModeId']
2025-08-05 10:12:08 - Execution time: 0.06729626655578613 seconds
2025-08-05 10:12:08 -    PaymentModeId PaymentCode  ... DebitOrderModeId UseRefundMode
0              3     REALPAY  ...              NaN         False
1              5         POS  ...              NaN         False
2              7         REG  ...              NaN         False
3              9         SNA  ...              NaN         False
4             13      REFUND  ...              NaN         False

[5 rows x 12 columns]
2025-08-05 10:12:08 - Table staging.PaymentModes truncated successfully.
2025-08-05 10:12:08 - Data written to staging.PaymentModes successfully.
2025-08-05 10:12:08 - Data written to prod.PaymentModes successfully.
2025-08-05 10:12:08 - Start Extracting reference for Bank with keys as ['BankId']
2025-08-05 10:12:08 - Execution time: 0.0590815544128418 seconds
2025-08-05 10:12:08 -    BankId    Code  ... IsRealPayTT1Enable  RealPayBankId
0       9       0  ...              False              0
1      13  460005  ...              False              0
2      14  400001  ...              False              0
3      19  580105  ...              False              0
4      24  450105  ...               True              8

[5 rows x 24 columns]
2025-08-05 10:12:08 - Table staging.Bank truncated successfully.
2025-08-05 10:12:08 - Data written to staging.Bank successfully.
2025-08-05 10:12:08 - Data written to prod.Bank successfully.
2025-08-05 10:12:09 - Start Extracting reference for PRD_Products with keys as ['ProductId']
2025-08-05 10:12:09 - Execution time: 0.056195735931396484 seconds
2025-08-05 10:12:09 -    ProductId             ProductName  ... IsExpressLoan  IsUnSecuredLoan
0          1             Branch Loan  ...         False            False
1          2  Payroll Deduction Loan  ...         False            False
2          3             Remote Loan  ...         False            False
3          4                 Hollard  ...         False            False
4          5   Over 65 - Branch loan  ...         False            False

[5 rows x 19 columns]
2025-08-05 10:12:09 - Table staging.PRD_Products truncated successfully.
2025-08-05 10:12:09 - Data written to staging.PRD_Products successfully.
2025-08-05 10:12:09 - Data written to prod.PRD_Products successfully.
2025-08-05 10:12:10 - Start Extracting reference for ACC_PaymentStatus with keys as ['PaymentStatusId']
2025-08-05 10:12:10 - Execution time: 0.16269898414611816 seconds
2025-08-05 10:12:10 -    PaymentStatusId PaymentStatusDescription
0                0                  Current
1                7              Debt Review
2                8                      New
3                6                     120+
4                1                  Current
2025-08-05 10:12:10 - Table staging.ACC_PaymentStatus truncated successfully.
2025-08-05 10:12:10 - Data written to staging.ACC_PaymentStatus successfully.
2025-08-05 10:12:10 - Data written to prod.ACC_PaymentStatus successfully.
2025-08-05 10:12:11 - Start Extracting reference for Province with keys as ['ProvinceId']
2025-08-05 10:12:11 - Execution time: 0.06784701347351074 seconds
2025-08-05 10:12:11 -    ProvinceId ShortCode     Description PostalCode  AddressLine3
0           1        WC    WESTERN CAPE       6670    RIVERSDALE
1           2        FS      FREE STATE       9301  BLOEMFONTEIN
2           3       KZN  KWA-ZULU NATAL       4126      DOONSIDE
3           4        WC    WESTERN CAPE       7300    MALMESBURY
4           5       GAU         GAUTENG       2192  JOHANNESBURG
2025-08-05 10:12:11 - Table staging.Province truncated successfully.
2025-08-05 10:12:11 - Data written to staging.Province successfully.
2025-08-05 10:12:11 - Data written to prod.Province successfully.
2025-08-05 10:12:11 - Reference Tables collected at 7 Seconds
2025-08-05 10:12:11 - Collect Account related data
2025-08-05 10:12:12 - Start Extracting history for Application with keys as ['ApplicationId']
2025-08-05 10:12:39 - Execution time: 26.618416786193848 seconds
2025-08-05 10:12:39 -    ApplicationId  AffordabilityId  ... IsCopyAppliation  previous_application_date
0        3903155          3915732  ...            False                        NaT
1        3893376          3905953  ...            False 2025-07-01 08:11:27.198806
2        3902641          3915218  ...            False 2025-06-28 08:26:11.529781
3        3903360          3915937  ...            False 2025-08-04 09:05:13.079443
4        3902843          3915420  ...            False 2025-02-17 13:54:43.972448

[5 rows x 76 columns]
2025-08-05 10:12:39 - Table staging.Application truncated successfully.
2025-08-05 10:12:44 - Data written to staging.Application successfully.
2025-08-05 10:12:44 - Data written to prod.Application successfully.
05-Aug-2025 10:12:12 Month: 202508
05-Aug-2025 10:12:12 Processing Application for 202508...2025-08-01 00:00:00..2025-08-31 23:59:59
2025-08-05 10:12:45 - Account Information Tables collected at 41 Seconds
2025-08-05 10:12:45 - Total runtime: 41 Seconds
