2025-08-05 10:03:46 - Collect reference data
2025-08-05 10:03:49 - Start Extracting reference for ACC_LoanStateReason with keys as ['Code']
2025-08-05 10:03:50 - Execution time: 0.6254100799560547 seconds
2025-08-05 10:03:50 -   Code    Description OptimisticLockField GCRecord Saccra_Code
0    E  Early Settled                None     None           T
1    F  Fully paid up                None     None           C
2    H    Handed over                None     None           L
3    W    Written Off                None     None           T
4    C      Cancelled                None     None           V
2025-08-05 10:03:50 - Table staging.ACC_LoanStateReason truncated successfully.
2025-08-05 10:03:50 - Data written to staging.ACC_LoanStateReason successfully.
2025-08-05 10:03:50 - Data written to prod.ACC_LoanStateReason successfully.
2025-08-05 10:03:51 - Start Extracting reference for ACC_PeriodFrequency with keys as ['PeriodFrequencyId']
2025-08-05 10:03:51 - Execution time: 0.05895066261291504 seconds
2025-08-05 10:03:51 -    PeriodFrequencyId  Description  ...  DaysInOneTerm  VapCancelCoolingPeriod
0                  1      Monthly  ...             30                       1
1                  2       Weekly  ...              7                       4
2                  3  Fortnightly  ...             14                       2

[3 rows x 6 columns]
2025-08-05 10:03:51 - Table staging.ACC_PeriodFrequency truncated successfully.
2025-08-05 10:03:51 - Data written to staging.ACC_PeriodFrequency successfully.
2025-08-05 10:03:51 - Data written to prod.ACC_PeriodFrequency successfully.
2025-08-05 10:03:52 - Start Extracting reference for Branch with keys as ['BranchId']
2025-08-05 10:03:52 - Execution time: 0.19510865211486816 seconds
2025-08-05 10:03:52 -    BranchId  Company  ...  SecondInterestRate  ChannelId
0       361        1  ...                 NaN       None
1       321        1  ...                 NaN       None
2       226      224  ...                 NaN       None
3         6        6  ...                 NaN       None
4       328        1  ...                 NaN       None

[5 rows x 23 columns]
2025-08-05 10:03:52 - Table staging.Branch truncated successfully.
2025-08-05 10:03:52 - Data written to staging.Branch successfully.
2025-08-05 10:03:52 - Data written to prod.Branch successfully.
2025-08-05 10:03:52 - Start Extracting reference for PaymentModes with keys as ['PaymentModeId']
2025-08-05 10:03:53 - Execution time: 0.05541849136352539 seconds
2025-08-05 10:03:53 -    PaymentModeId PaymentCode  ... DebitOrderModeId UseRefundMode
0              3     REALPAY  ...              NaN         False
1              5         POS  ...              NaN         False
2              7         REG  ...              NaN         False
3              9         SNA  ...              NaN         False
4             13      REFUND  ...              NaN         False

[5 rows x 12 columns]
2025-08-05 10:03:53 - Table staging.PaymentModes truncated successfully.
2025-08-05 10:03:53 - Data written to staging.PaymentModes successfully.
2025-08-05 10:03:53 - Data written to prod.PaymentModes successfully.
2025-08-05 10:03:53 - Start Extracting reference for Bank with keys as ['BankId']
2025-08-05 10:03:53 - Execution time: 0.2178502082824707 seconds
2025-08-05 10:03:53 -    BankId    Code  ... IsRealPayTT1Enable  RealPayBankId
0       9       0  ...              False              0
1      13  460005  ...              False              0
2      14  400001  ...              False              0
3      19  580105  ...              False              0
4      24  450105  ...               True              8

[5 rows x 24 columns]
2025-08-05 10:03:54 - Table staging.Bank truncated successfully.
2025-08-05 10:03:54 - Data written to staging.Bank successfully.
2025-08-05 10:03:54 - Data written to prod.Bank successfully.
2025-08-05 10:03:54 - Start Extracting reference for PRD_Products with keys as ['ProductId']
2025-08-05 10:03:54 - Execution time: 0.05715131759643555 seconds
2025-08-05 10:03:54 -    ProductId             ProductName  ... IsExpressLoan  IsUnSecuredLoan
0          1             Branch Loan  ...         False            False
1          2  Payroll Deduction Loan  ...         False            False
2          3             Remote Loan  ...         False            False
3          4                 Hollard  ...         False            False
4          5   Over 65 - Branch loan  ...         False            False

[5 rows x 19 columns]
2025-08-05 10:03:54 - Table staging.PRD_Products truncated successfully.
2025-08-05 10:03:54 - Data written to staging.PRD_Products successfully.
2025-08-05 10:03:54 - Data written to prod.PRD_Products successfully.
2025-08-05 10:03:55 - Start Extracting reference for ACC_PaymentStatus with keys as ['PaymentStatusId']
2025-08-05 10:03:55 - Execution time: 0.10107302665710449 seconds
2025-08-05 10:03:55 -    PaymentStatusId PaymentStatusDescription
0                0                  Current
1                7              Debt Review
2                8                      New
3                6                     120+
4                1                  Current
2025-08-05 10:03:55 - Table staging.ACC_PaymentStatus truncated successfully.
2025-08-05 10:03:55 - Data written to staging.ACC_PaymentStatus successfully.
2025-08-05 10:03:55 - Data written to prod.ACC_PaymentStatus successfully.
2025-08-05 10:03:56 - Start Extracting reference for Province with keys as ['ProvinceId']
2025-08-05 10:03:56 - Execution time: 0.17331933975219727 seconds
2025-08-05 10:03:56 -    ProvinceId ShortCode     Description PostalCode  AddressLine3
0           1        WC    WESTERN CAPE       6670    RIVERSDALE
1           2        FS      FREE STATE       9301  BLOEMFONTEIN
2           3       KZN  KWA-ZULU NATAL       4126      DOONSIDE
3           4        WC    WESTERN CAPE       7300    MALMESBURY
4           5       GAU         GAUTENG       2192  JOHANNESBURG
2025-08-05 10:03:56 - Table staging.Province truncated successfully.
2025-08-05 10:03:56 - Data written to staging.Province successfully.
2025-08-05 10:03:56 - Data written to prod.Province successfully.
2025-08-05 10:03:56 - Reference Tables collected at 10 Seconds
2025-08-05 10:03:56 - Collect Account related data
2025-08-05 10:03:58 - Start Extracting history for Application with keys as ['ApplicationId']
2025-08-05 10:05:01 - Execution time: 63.34831118583679 seconds
2025-08-05 10:05:01 -    ApplicationId  AffordabilityId  ... IsCopyAppliation  previous_application_date
0        3859255          3871832  ...            False                        NaT
1        3860855          3873432  ...            False                        NaT
2        3860108          3872685  ...            False                        NaT
3        3845572          3858155  ...            False 2025-05-28 11:46:37.092857
4        3818821          3831404  ...            False 2025-05-02 08:38:05.314133

[5 rows x 76 columns]
2025-08-05 10:05:01 - Table staging.Application truncated successfully.
2025-08-05 10:05:33 - Data written to staging.Application successfully.
2025-08-05 10:05:34 - Data written to prod.Application successfully.
05-Aug-2025 10:03:57 Month: 202507
05-Aug-2025 10:03:57 Processing Application for 202507...2025-07-01 00:00:00..2025-07-31 23:59:59
2025-08-05 10:05:35 - Account Information Tables collected at 109 Seconds
2025-08-05 10:05:35 - Total runtime: 109 Seconds
