2025-08-08 08:41:17 - Collect reference data
2025-08-08 08:41:20 - Start Extracting reference for ACC_LoanStateReason with keys as ['Code']
2025-08-08 08:41:20 - Execution time: 0.2417597770690918 seconds
2025-08-08 08:41:20 -   Code    Description OptimisticLockField GCRecord Saccra_Code
0    E  Early Settled                None     None           T
1    F  Fully paid up                None     None           C
2    H    Handed over                None     None           L
3    W    Written Off                None     None           T
4    C      Cancelled                None     None           V
2025-08-08 08:41:20 - Table staging.ACC_LoanStateReason truncated successfully.
2025-08-08 08:41:20 - Data written to staging.ACC_LoanStateReason successfully.
2025-08-08 08:41:20 - Data written to prod.ACC_LoanStateReason successfully.
2025-08-08 08:41:21 - Start Extracting reference for ACC_PeriodFrequency with keys as ['PeriodFrequencyId']
2025-08-08 08:41:21 - Execution time: 0.06527376174926758 seconds
2025-08-08 08:41:21 -    PeriodFrequencyId  Description  ...  DaysInOneTerm  VapCancelCoolingPeriod
0                  1      Monthly  ...             30                       1
1                  2       Weekly  ...              7                       4
2                  3  Fortnightly  ...             14                       2

[3 rows x 6 columns]
2025-08-08 08:41:21 - Table staging.ACC_PeriodFrequency truncated successfully.
2025-08-08 08:41:21 - Data written to staging.ACC_PeriodFrequency successfully.
2025-08-08 08:41:21 - Data written to prod.ACC_PeriodFrequency successfully.
2025-08-08 08:41:22 - Start Extracting reference for Branch with keys as ['BranchId']
2025-08-08 08:41:22 - Execution time: 0.08356237411499023 seconds
2025-08-08 08:41:22 -    BranchId  Company  ...  SecondInterestRate  ChannelId
0       361        1  ...                 NaN       None
1       321        1  ...                 NaN       None
2       226      224  ...                 NaN       None
3         6        6  ...                 NaN       None
4       328        1  ...                 NaN       None

[5 rows x 23 columns]
2025-08-08 08:41:22 - Table staging.Branch truncated successfully.
2025-08-08 08:41:22 - Data written to staging.Branch successfully.
2025-08-08 08:41:22 - Data written to prod.Branch successfully.
2025-08-08 08:41:23 - Start Extracting reference for PaymentModes with keys as ['PaymentModeId']
2025-08-08 08:41:23 - Execution time: 0.05856204032897949 seconds
2025-08-08 08:41:23 -    PaymentModeId PaymentCode  ... DebitOrderModeId UseRefundMode
0              3     REALPAY  ...              NaN         False
1              5         POS  ...              NaN         False
2              7         REG  ...              NaN         False
3              9         SNA  ...              NaN         False
4             13      REFUND  ...              NaN         False

[5 rows x 12 columns]
2025-08-08 08:41:23 - Table staging.PaymentModes truncated successfully.
2025-08-08 08:41:23 - Data written to staging.PaymentModes successfully.
2025-08-08 08:41:23 - Data written to prod.PaymentModes successfully.
2025-08-08 08:41:23 - Start Extracting reference for Bank with keys as ['BankId']
2025-08-08 08:41:23 - Execution time: 0.097381591796875 seconds
2025-08-08 08:41:23 -    BankId    Code  ... IsRealPayTT1Enable  RealPayBankId
0       9       0  ...              False              0
1      13  460005  ...              False              0
2      14  400001  ...              False              0
3      19  580105  ...              False              0
4      24  450105  ...               True              8

[5 rows x 24 columns]
2025-08-08 08:41:24 - Table staging.Bank truncated successfully.
2025-08-08 08:41:24 - Data written to staging.Bank successfully.
2025-08-08 08:41:24 - Data written to prod.Bank successfully.
2025-08-08 08:41:24 - Start Extracting reference for PRD_Products with keys as ['ProductId']
2025-08-08 08:41:24 - Execution time: 0.05886578559875488 seconds
2025-08-08 08:41:24 -    ProductId             ProductName  ... IsExpressLoan  IsUnSecuredLoan
0          1             Branch Loan  ...         False            False
1          2  Payroll Deduction Loan  ...         False            False
2          3             Remote Loan  ...         False            False
3          4                 Hollard  ...         False            False
4          5   Over 65 - Branch loan  ...         False            False

[5 rows x 19 columns]
2025-08-08 08:41:24 - Table staging.PRD_Products truncated successfully.
2025-08-08 08:41:24 - Data written to staging.PRD_Products successfully.
2025-08-08 08:41:24 - Data written to prod.PRD_Products successfully.
2025-08-08 08:41:25 - Start Extracting reference for ACC_PaymentStatus with keys as ['PaymentStatusId']
2025-08-08 08:41:25 - Execution time: 0.09676790237426758 seconds
2025-08-08 08:41:25 -    PaymentStatusId PaymentStatusDescription
0                0                  Current
1                7              Debt Review
2                8                      New
3                6                     120+
4                1                  Current
2025-08-08 08:41:25 - Table staging.ACC_PaymentStatus truncated successfully.
2025-08-08 08:41:25 - Data written to staging.ACC_PaymentStatus successfully.
2025-08-08 08:41:25 - Data written to prod.ACC_PaymentStatus successfully.
2025-08-08 08:41:26 - Start Extracting reference for Province with keys as ['ProvinceId']
2025-08-08 08:41:26 - Execution time: 0.13788819313049316 seconds
2025-08-08 08:41:26 -    ProvinceId ShortCode     Description PostalCode  AddressLine3
0           1        WC    WESTERN CAPE       6670    RIVERSDALE
1           2        FS      FREE STATE       9301  BLOEMFONTEIN
2           3       KZN  KWA-ZULU NATAL       4126      DOONSIDE
3           4        WC    WESTERN CAPE       7300    MALMESBURY
4           5       GAU         GAUTENG       2192  JOHANNESBURG
2025-08-08 08:41:26 - Table staging.Province truncated successfully.
2025-08-08 08:41:26 - Data written to staging.Province successfully.
2025-08-08 08:41:26 - Data written to prod.Province successfully.
2025-08-08 08:41:26 - Reference Tables collected at 9 Seconds
2025-08-08 08:41:26 - Collect Account related data
2025-08-08 08:41:27 - Start Extracting delta for ACC_Account with keys as ['AccountId']
2025-08-08 08:41:40 - Execution time: 13.228617906570435 seconds
2025-08-08 08:41:40 -    AccountId   AccountNo  ... newbranchid  assignedconsultantid
0     272670  AOL0272670  ...        None                  None
1     546487  AOL0546487  ...        None                  None
2     280739  AOL0280739  ...        None                  None
3     465883  AOL0465883  ...        None                  None
4     838402  AOL0838402  ...        None                  None

[5 rows x 76 columns]
2025-08-08 08:41:40 - Table staging.ACC_Account truncated successfully.
2025-08-08 08:42:43 - Data written to staging.ACC_Account successfully.
2025-08-08 08:43:22 - Data written to prod.ACC_Account successfully.
2025-08-08 08:43:23 - Start Extracting delta for ACC_DebitOrder with keys as ['DebitOrderId']
2025-08-08 08:43:33 - Execution time: 9.408135652542114 seconds
2025-08-08 08:43:33 -    DebitOrderId  AccountId  ... ServiceProvider IsVAPCancel
0        745468    1358972  ...           NUPAY        None
1       1351365    2286858  ...           NUPAY        None
2       2838524    4543858  ...           NUPAY       False
3       1596454    2690343  ...           NUPAY        None
4       1169347    2038198  ...           NUPAY        None

[5 rows x 26 columns]
2025-08-08 08:43:33 - Table staging.ACC_DebitOrder truncated successfully.
2025-08-08 08:44:04 - Data written to staging.ACC_DebitOrder successfully.
2025-08-08 08:46:36 - Data written to prod.ACC_DebitOrder successfully.
2025-08-08 08:46:37 - Start Extracting delta for ACC_Schedules with keys as ['AccountId', 'Installment_SrNo']
2025-08-08 08:48:25 - Execution time: 107.7678153514862 seconds
2025-08-08 08:48:25 -    AccountId  Installment_SrNo  ...  StatusDescription  IsAdhoc
0      33839                 3  ...               None    False
1      35184                 2  ...               None    False
2      35421                 2  ...               None    False
3      35468                 3  ...               None    False
4      32490                 3  ...               None    False

[5 rows x 31 columns]
2025-08-08 08:48:27 - Table staging.ACC_Schedules truncated successfully.
2025-08-08 08:52:07 - Data written to staging.ACC_Schedules successfully.
2025-08-08 08:54:43 - Data written to prod.ACC_Schedules successfully.
2025-08-08 08:54:51 - Start Extracting delta for Address with keys as ['AddressId']
2025-08-08 08:54:57 - Execution time: 6.247802495956421 seconds
2025-08-08 08:54:57 -    AddressId  AddressTypeId ClientId  ... AddressLine4 PostalCode Province
0   10437216              3     None  ...         None       None      NaN
1   10511456              3     None  ...         None       None      NaN
2   10430434              2     None  ...         None          8   3317.0
3   10439713              2     None  ...         None       4068     23.0
4   10494286              3     None  ...         None       None      NaN

[5 rows x 9 columns]
2025-08-08 08:54:57 - Table staging.Address truncated successfully.
2025-08-08 08:55:01 - Data written to staging.Address successfully.
2025-08-08 08:55:09 - Data written to prod.Address successfully.
2025-08-08 08:55:10 - Start Extracting delta for Affordability with keys as ['AffordabilityId']
2025-08-08 08:55:15 - Execution time: 5.187596321105957 seconds
2025-08-08 08:55:15 -    AffordabilityId  OptionId  ...  CreditScoreFromCache  MockCreditScore
0          3884418         1  ...                 False            False
1          3908208         1  ...                 False            False
2          3914158         1  ...                 False            False
3          3882020         1  ...                 False            False
4          3884333         1  ...                 False            False

[5 rows x 60 columns]
2025-08-08 08:55:15 - Table staging.Affordability truncated successfully.
2025-08-08 08:55:29 - Data written to staging.Affordability successfully.
2025-08-08 08:55:40 - Data written to prod.Affordability successfully.
2025-08-08 08:55:40 - Start Extracting delta for Application with keys as ['ApplicationId']
2025-08-08 08:57:25 - Execution time: 104.82154965400696 seconds
2025-08-08 08:57:25 -    ApplicationId  AffordabilityId  ... IsCopyAppliation  previous_application_date
0        3903155          3915732  ...            False                        NaT
1        3893376          3905953  ...            False 2025-07-01 08:11:27.198806
2        3890179          3902756  ...            False 2025-06-30 11:13:36.170249
3        3902641          3915218  ...            False 2025-06-28 08:26:11.529781
4        3903360          3915937  ...            False 2025-08-04 09:05:13.079443

[5 rows x 76 columns]
2025-08-08 08:57:25 - Table staging.Application truncated successfully.
2025-08-08 08:57:42 - Data written to staging.Application successfully.
2025-08-08 08:57:46 - Data written to prod.Application successfully.
2025-08-08 08:57:47 - Start Extracting delta for Application_AccountMapping with keys as ['ApplicationAccountMappingId']
2025-08-08 08:57:50 - Execution time: 2.947214126586914 seconds
2025-08-08 08:57:50 -    ApplicationAccountMappingId  ApplicationId  ...     CellNo  Email
0                      4949610        3867189  ...  634974307       
1                      4949611        3867189  ...  634974307       
2                      4949612        3866060  ...  798457169       
3                      4949613        3866060  ...  798457169       
4                      4949616        3867579  ...  716185934       

[5 rows x 9 columns]
2025-08-08 08:57:50 - Table staging.Application_AccountMapping truncated successfully.
2025-08-08 08:57:52 - Data written to staging.Application_AccountMapping successfully.
2025-08-08 08:57:57 - Data written to prod.Application_AccountMapping successfully.
2025-08-08 08:57:58 - Start Extracting delta for Application_Client with keys as ['ApplicationClientId']
2025-08-08 08:58:00 - Execution time: 2.416346311569214 seconds
2025-08-08 08:58:00 -    ApplicationClientId  PersonId Title  ... PhoneTypeId Isconsent Whatsapp_Phoneno
0              3924586       NaN  None  ...           0     False             None
1              3924558       NaN  None  ...           0     False             None
2              3924576       NaN  None  ...           0     False             None
3              3924587       NaN  None  ...           0     False             None
4              3884445       NaN  None  ...           0     False             None

[5 rows x 25 columns]
2025-08-08 08:58:00 - Table staging.Application_Client truncated successfully.
2025-08-08 08:58:06 - Data written to staging.Application_Client successfully.
2025-08-08 08:58:16 - Data written to prod.Application_Client successfully.
2025-08-08 08:58:17 - Start Extracting delta for BankDetail with keys as ['BankDetailId']
2025-08-08 08:58:19 - Execution time: 2.318812847137451 seconds
2025-08-08 08:58:19 -    BankDetailId TransactionId ReferenceId  ...  strikeDate1  strikeDate2  strikeDate3
0       4884503          None        None  ...         None         None         None
1       4884472          None        None  ...         None         None         None
2       4869619          None        None  ...         None         None         None
3       4828685          None        None  ...         None         None         None
4       4871388          None        None  ...         None         None         None

[5 rows x 20 columns]
2025-08-08 08:58:19 - Table staging.BankDetail truncated successfully.
2025-08-08 08:58:23 - Data written to staging.BankDetail successfully.
2025-08-08 08:58:28 - Data written to prod.BankDetail successfully.
2025-08-08 08:58:28 - Start Extracting delta for Client with keys as ['ClientId']
2025-08-08 08:58:41 - Execution time: 12.022997379302979 seconds
2025-08-08 08:58:41 -    ClientId  UserId PersonId  ... IsDelinquent IsDebtReview DeliquencyReasonId
0    567481       0     None  ...        False        False                NaN
1    309658       0     None  ...        False        False                NaN
2    660355       0     None  ...        False        False                NaN
3    560466       0     None  ...        False        False                NaN
4    688562       0     None  ...        False        False                NaN

[5 rows x 26 columns]
2025-08-08 08:58:41 - Table staging.Client truncated successfully.
2025-08-08 08:59:11 - Data written to staging.Client successfully.
2025-08-08 08:59:18 - Data written to prod.Client successfully.
2025-08-08 08:59:19 - Start Extracting delta for CreditScore with keys as ['CreditScoreId']
2025-08-08 08:59:23 - Execution time: 4.079859256744385 seconds
2025-08-08 08:59:23 -    CreditScoreId  ApplicationId  ...  ServiceProvider  ReferenceNumber
0        3744925        3911972  ...        COMPUSCAN             None
1        3744896        3911938  ...        COMPUSCAN             None
2        3744910        3911954  ...        COMPUSCAN             None
3        3744932        3911959  ...        COMPUSCAN             None
4        3744903        3911948  ...        COMPUSCAN             None

[5 rows x 8 columns]
2025-08-08 08:59:23 - Table staging.CreditScore truncated successfully.
2025-08-08 08:59:25 - Data written to staging.CreditScore successfully.
2025-08-08 08:59:28 - Data written to prod.CreditScore successfully.
2025-08-08 08:59:28 - Start Extracting delta for Disbursement with keys as ['DisbursementId']
2025-08-08 08:59:31 - Execution time: 2.4966280460357666 seconds
2025-08-08 08:59:31 -    DisbursementId NuCardNumber  ... IsReferred  ReferralAmount
0         3876863         None  ...        NaN             NaN
1         3876864         None  ...        NaN             NaN
2         3876865         None  ...        NaN             NaN
3         3876866         None  ...        NaN             NaN
4         3876867         None  ...        NaN             NaN

[5 rows x 36 columns]
2025-08-08 08:59:31 - Table staging.Disbursement truncated successfully.
2025-08-08 08:59:37 - Data written to staging.Disbursement successfully.
2025-08-08 08:59:39 - Data written to prod.Disbursement successfully.
2025-08-08 08:59:40 - Start Extracting delta for Employer with keys as ['EmployerId']
2025-08-08 08:59:43 - Execution time: 2.60404896736145 seconds
2025-08-08 08:59:43 -    EmployerId  AddressId  IndustryId  ... PayDay2 AddressTypeId3  PayDay3
0     5561528   10392468         7.0  ...    None              0     None
1     5561530   10392472         7.0  ...    None              0     None
2     5561532   10392476         7.0  ...    None              0     None
3     5561534   10392480         7.0  ...    None              0     None
4     5561536   10392484         7.0  ...    None              0     None

[5 rows x 29 columns]
2025-08-08 08:59:43 - Table staging.Employer truncated successfully.
2025-08-08 08:59:49 - Data written to staging.Employer successfully.
2025-08-08 08:59:53 - Data written to prod.Employer successfully.
2025-08-08 08:59:54 - Start Extracting delta for PER_Person with keys as ['PersonId']
2025-08-08 09:00:00 - Execution time: 5.942120790481567 seconds
2025-08-08 09:00:00 -    PersonId SecurityId  ...  LanguageId  PropertyOwnershipId
0    921346       None  ...         2.0                  2.0
1    703859       None  ...         NaN                  0.0
2    738211       None  ...         NaN                  0.0
3    613074       None  ...         NaN                  0.0
4    601190       None  ...         2.0                  1.0

[5 rows x 32 columns]
2025-08-08 09:00:00 - Table staging.PER_Person truncated successfully.
2025-08-08 09:00:17 - Data written to staging.PER_Person successfully.
2025-08-08 09:00:22 - Data written to prod.PER_Person successfully.
2025-08-08 09:00:22 - Start Extracting delta for Quotation with keys as ['QuotationId']
2025-08-08 09:00:28 - Execution time: 5.177026271820068 seconds
2025-08-08 09:00:28 -    QuotationId  ... FamilyBenefitAcceptanceSigningMethod
0      3924514  ...                                 None
1      3924560  ...                                 None
2      3924566  ...                                 None
3      3924535  ...                                 None
4      3924572  ...                                 None

[5 rows x 51 columns]
2025-08-08 09:00:28 - Table staging.Quotation truncated successfully.
2025-08-08 09:00:40 - Data written to staging.Quotation successfully.
2025-08-08 09:00:46 - Data written to prod.Quotation successfully.
2025-08-08 09:00:47 - Start Extracting delta for ACC_PaymentStatusHistory with keys as ['PaymentStatusHistoryId']
2025-08-08 09:01:28 - Execution time: 40.938425064086914 seconds
2025-08-08 09:01:28 -    PaymentStatusHistoryId  AccountId  ...     RunDate  PersonId
0                     681    4340520  ...  2024-11-19    908679
1                     700    4340524  ...  2024-11-19    880291
2                     722    4340306  ...  2024-11-19    709471
3                     790    4340612  ...  2024-11-19    908690
4                     800    4340677  ...  2024-11-19    908350

[5 rows x 6 columns]
2025-08-08 09:01:28 - Table staging.ACC_PaymentStatusHistory truncated successfully.
2025-08-08 09:01:47 - Data written to staging.ACC_PaymentStatusHistory successfully.
2025-08-08 09:02:02 - Data written to prod.ACC_PaymentStatusHistory successfully.
2025-08-08 09:02:02 - Start Extracting delta for XDSCustomerDetailsLog with keys as ['ApplicationId', 'Type']
2025-08-08 09:57:18 - Execution time: 3315.8587567806244 seconds
2025-08-08 09:57:18 -                   CreateDate  ...                                           JsonText
0 2025-07-29 02:54:58.861542  ...  {"rules_fired": [], "codex_rules_fired": [{"co...
1 2025-07-29 03:38:18.723951  ...  {"rules_fired": [], "codex_rules_fired": [{"co...
2 2025-07-29 03:38:37.672832  ...  {"rules_fired": [], "codex_rules_fired": [{"co...
3 2025-07-29 04:35:05.852343  ...  {"rules_fired": [], "codex_rules_fired": [{"co...
4 2025-07-29 04:59:24.948242  ...  {"rules_fired": [], "codex_rules_fired": [{"co...

[5 rows x 5 columns]
2025-08-08 09:57:18 - Table staging.XDSCustomerDetailsLog truncated successfully.
2025-08-08 09:57:22 - Data written to staging.XDSCustomerDetailsLog successfully.
2025-08-08 09:57:36 - Data written to prod.XDSCustomerDetailsLog successfully.
2025-08-08 08:41:26 - Processing Deltas ...
2025-08-08 08:41:26 - Start ACC_Account
2025-08-08 08:43:23 - Start ACC_DebitOrder
2025-08-08 08:46:37 - Start ACC_Schedules
2025-08-08 08:54:49 - Start Address
2025-08-08 08:55:09 - Start Affordability
2025-08-08 08:55:40 - Start Application
2025-08-08 08:57:46 - Start Application_AccountMapping
2025-08-08 08:57:57 - Start Application_Client
2025-08-08 08:58:16 - Start BankDetail
2025-08-08 08:58:28 - Start Client
2025-08-08 08:59:18 - Start CreditScore
2025-08-08 08:59:28 - Start Disbursement
2025-08-08 08:59:40 - Start Employer
2025-08-08 08:59:53 - Start PER_Person
2025-08-08 09:00:22 - Start Quotation
2025-08-08 09:00:47 - Start ACC_PaymentStatusHistory
2025-08-08 09:02:02 - Start XDSCustomerDetailsLog
2025-08-08 09:57:37 - Account Information Tables collected at 4580 Seconds
2025-08-08 09:57:37 - Total runtime: 4580 Seconds
