2025-08-11 08:38:15 - Collect reference data
2025-08-11 08:38:16 - Start Extracting reference for ACC_LoanStateReason with keys as ['Code']
2025-08-11 08:38:17 - Execution time: 0.1389460563659668 seconds
2025-08-11 08:38:17 -   Code    Description OptimisticLockField GCRecord Saccra_Code
0    E  Early Settled                None     None           T
1    F  Fully paid up                None     None           C
2    H    Handed over                None     None           L
3    W    Written Off                None     None           T
4    C      Cancelled                None     None           V
2025-08-11 08:38:17 - Table staging.ACC_LoanStateReason truncated successfully.
2025-08-11 08:38:17 - Data written to staging.ACC_LoanStateReason successfully.
2025-08-11 08:38:17 - Data written to prod.ACC_LoanStateReason successfully.
2025-08-11 08:38:17 - Start Extracting reference for ACC_PeriodFrequency with keys as ['PeriodFrequencyId']
2025-08-11 08:38:18 - Execution time: 0.05708599090576172 seconds
2025-08-11 08:38:18 -    PeriodFrequencyId  Description  ...  DaysInOneTerm  VapCancelCoolingPeriod
0                  1      Monthly  ...             30                       1
1                  2       Weekly  ...              7                       4
2                  3  Fortnightly  ...             14                       2

[3 rows x 6 columns]
2025-08-11 08:38:18 - Table staging.ACC_PeriodFrequency truncated successfully.
2025-08-11 08:38:18 - Data written to staging.ACC_PeriodFrequency successfully.
2025-08-11 08:38:18 - Data written to prod.ACC_PeriodFrequency successfully.
2025-08-11 08:38:18 - Start Extracting reference for Branch with keys as ['BranchId']
2025-08-11 08:38:18 - Execution time: 0.06174421310424805 seconds
2025-08-11 08:38:18 -    BranchId  Company  ...  SecondInterestRate  ChannelId
0       361        1  ...                 NaN       None
1       321        1  ...                 NaN       None
2       226      224  ...                 NaN       None
3         6        6  ...                 NaN       None
4       328        1  ...                 NaN       None

[5 rows x 23 columns]
2025-08-11 08:38:18 - Table staging.Branch truncated successfully.
2025-08-11 08:38:18 - Data written to staging.Branch successfully.
2025-08-11 08:38:19 - Data written to prod.Branch successfully.
2025-08-11 08:38:19 - Start Extracting reference for PaymentModes with keys as ['PaymentModeId']
2025-08-11 08:38:19 - Execution time: 0.0530543327331543 seconds
2025-08-11 08:38:19 -    PaymentModeId PaymentCode  ... DebitOrderModeId UseRefundMode
0              3     REALPAY  ...              NaN         False
1              5         POS  ...              NaN         False
2              7         REG  ...              NaN         False
3              9         SNA  ...              NaN         False
4             13      REFUND  ...              NaN         False

[5 rows x 12 columns]
2025-08-11 08:38:19 - Table staging.PaymentModes truncated successfully.
2025-08-11 08:38:19 - Data written to staging.PaymentModes successfully.
2025-08-11 08:38:19 - Data written to prod.PaymentModes successfully.
2025-08-11 08:38:20 - Start Extracting reference for Bank with keys as ['BankId']
2025-08-11 08:38:20 - Execution time: 0.11884379386901855 seconds
2025-08-11 08:38:20 -    BankId    Code  ... IsRealPayTT1Enable  RealPayBankId
0       9       0  ...              False              0
1      13  460005  ...              False              0
2      14  400001  ...              False              0
3      19  580105  ...              False              0
4      24  450105  ...               True              8

[5 rows x 24 columns]
2025-08-11 08:38:20 - Table staging.Bank truncated successfully.
2025-08-11 08:38:20 - Data written to staging.Bank successfully.
2025-08-11 08:38:20 - Data written to prod.Bank successfully.
2025-08-11 08:38:21 - Start Extracting reference for PRD_Products with keys as ['ProductId']
2025-08-11 08:38:21 - Execution time: 0.05434823036193848 seconds
2025-08-11 08:38:21 -    ProductId  ... IsUnSecuredLoan
0         31  ...            True
1         32  ...            True
2          1  ...           False
3          2  ...           False
4          3  ...           False

[5 rows x 19 columns]
2025-08-11 08:38:21 - Table staging.PRD_Products truncated successfully.
2025-08-11 08:38:21 - Data written to staging.PRD_Products successfully.
2025-08-11 08:38:21 - Data written to prod.PRD_Products successfully.
2025-08-11 08:38:22 - Start Extracting reference for ACC_PaymentStatus with keys as ['PaymentStatusId']
2025-08-11 08:38:22 - Execution time: 0.1607811450958252 seconds
2025-08-11 08:38:22 -    PaymentStatusId PaymentStatusDescription
0                0                  Current
1                7              Debt Review
2                8                      New
3                6                     120+
4                1                  Current
2025-08-11 08:38:22 - Table staging.ACC_PaymentStatus truncated successfully.
2025-08-11 08:38:22 - Data written to staging.ACC_PaymentStatus successfully.
2025-08-11 08:38:22 - Data written to prod.ACC_PaymentStatus successfully.
2025-08-11 08:38:23 - Start Extracting reference for Province with keys as ['ProvinceId']
2025-08-11 08:38:23 - Execution time: 0.11648178100585938 seconds
2025-08-11 08:38:23 -    ProvinceId ShortCode     Description PostalCode  AddressLine3
0           1        WC    WESTERN CAPE       6670    RIVERSDALE
1           2        FS      FREE STATE       9301  BLOEMFONTEIN
2           3       KZN  KWA-ZULU NATAL       4126      DOONSIDE
3           4        WC    WESTERN CAPE       7300    MALMESBURY
4           5       GAU         GAUTENG       2192  JOHANNESBURG
2025-08-11 08:38:23 - Table staging.Province truncated successfully.
2025-08-11 08:38:23 - Data written to staging.Province successfully.
2025-08-11 08:38:23 - Data written to prod.Province successfully.
2025-08-11 08:38:23 - Reference Tables collected at 8 Seconds
2025-08-11 08:38:23 - Collect Account related data
2025-08-11 08:38:24 - Start Extracting delta for ACC_Account with keys as ['AccountId']
2025-08-11 08:38:40 - Execution time: 15.607277154922485 seconds
2025-08-11 08:38:40 -    AccountId   AccountNo  ... newbranchid  assignedconsultantid
0     699116  AOL0699116  ...        None                  None
1     122782  AOL0122782  ...        None                  None
2     546487  AOL0546487  ...        None                  None
3    1440836  AOL1440836  ...        None                  None
4     305590  AOL0305590  ...        None                  None

[5 rows x 76 columns]
2025-08-11 08:38:40 - Table staging.ACC_Account truncated successfully.
2025-08-11 08:39:48 - Data written to staging.ACC_Account successfully.
2025-08-11 08:40:37 - Data written to prod.ACC_Account successfully.
2025-08-11 08:40:40 - Start Extracting delta for ACC_DebitOrder with keys as ['DebitOrderId']
2025-08-11 08:40:50 - Execution time: 10.192387580871582 seconds
2025-08-11 08:40:50 -    DebitOrderId  AccountId  ... ServiceProvider IsVAPCancel
0        745468    1358972  ...           NUPAY        None
1       1351365    2286858  ...           NUPAY        None
2       2838524    4543858  ...           NUPAY       False
3       1596454    2690343  ...           NUPAY        None
4       1169347    2038198  ...           NUPAY        None

[5 rows x 26 columns]
2025-08-11 08:40:50 - Table staging.ACC_DebitOrder truncated successfully.
2025-08-11 08:41:21 - Data written to staging.ACC_DebitOrder successfully.
2025-08-11 08:44:15 - Data written to prod.ACC_DebitOrder successfully.
2025-08-11 08:38:23 - Processing Deltas ...
2025-08-11 08:38:23 - Start ACC_Account
2025-08-11 08:40:37 - Start ACC_DebitOrder
2025-08-11 08:44:16 - Start ACC_Schedules
Traceback (most recent call last):
  File "/usr/lib/python3.12/subprocess.py", line 1264, in wait
    return self._wait(timeout=timeout)
           ^^^^^^^^^^^^^^^^^^^^^^^^^^^
  File "/usr/lib/python3.12/subprocess.py", line 2053, in _wait
    (pid, sts) = self._try_wait(0)
                 ^^^^^^^^^^^^^^^^^
  File "/usr/lib/python3.12/subprocess.py", line 2011, in _try_wait
    (pid, sts) = os.waitpid(self.pid, wait_flags)
                 ^^^^^^^^^^^^^^^^^^^^^^^^^^^^^^^^
KeyboardInterrupt

During handling of the above exception, another exception occurred:

Traceback (most recent call last):
  File "/data/matogen/Atlas/bin/../src/python/Staging_ExtractDelta.py", line 49, in <module>
    subprocess.run(
  File "/usr/lib/python3.12/subprocess.py", line 550, in run
    stdout, stderr = process.communicate(input, timeout=timeout)
                     ^^^^^^^^^^^^^^^^^^^^^^^^^^^^^^^^^^^^^^^^^^^
  File "/usr/lib/python3.12/subprocess.py", line 1201, in communicate
    self.wait()
  File "/usr/lib/python3.12/subprocess.py", line 1277, in wait
    self._wait(timeout=sigint_timeout)
  File "/usr/lib/python3.12/subprocess.py", line 2047, in _wait
    time.sleep(delay)
KeyboardInterrupt
Exception ignored in atexit callback: <function shutdown at 0x713609a62200>
Traceback (most recent call last):
  File "/usr/lib/python3.12/logging/__init__.py", line 2273, in shutdown
    h.release()
  File "/usr/lib/python3.12/logging/__init__.py", line 980, in release
    self.lock.release()
RuntimeError: cannot release un-acquired lock
